*** Start analyzing build configuration ***
INFO: Auto-config - Scanning: /student/trys/Documents/Vivado/RoboZap/RoboZapGame
INFO: Auto-config - VLOG: /student/trys/Documents/Vivado/RoboZap/RoboZapGame
INFO: Auto-config - VHDL: /student/trys/Documents/Vivado/RoboZap/RoboZapGame
INFO: Auto-config - Wrote:
    .dvt/default.build.auto.1
*** List of included argument files ***
    Build configuration file:  /student/trys/Documents/Vivado/RoboZap/RoboZapGame/.dvt/default.build
    -f /home/student/trys/Documents/Vivado/RoboZap/RoboZapGame/.dvt/default.build.auto.1
*** List of invocations ***
Invocation #1 +dvt_init+dvt in /home/student/trys/Documents/Vivado/RoboZap/RoboZapGame/.dvt/default.build.auto.1 at line 9
*** Done analyzing build configuration [655 ms] ***
*** Start VHDL build ***
Total number of lines [0]
Performing post full build step 1 (VHDL - RU) [11 ms] ...
*** Done VHDL build [722 ms] ***
*** Start SystemVerilog build ***
*** Invocation #1***
Loading (1) /student/trys/Documents/Vivado/RoboZap/RoboZapGame/fpga/rtl/top_vga_basys3.sv ...
Done /student/trys/Documents/Vivado/RoboZap/RoboZapGame/fpga/rtl/top_vga_basys3.sv [223 ms, 124 lines, SystemVerilog_2012] ...
Loading (2) /student/trys/Documents/Vivado/RoboZap/RoboZapGame/rtl/clk_wiz_0_clk_wiz.v ...
Done /student/trys/Documents/Vivado/RoboZap/RoboZapGame/rtl/clk_wiz_0_clk_wiz.v [24 ms, 235 lines, Verilog_2001] ...
Loading (3) /student/trys/Documents/Vivado/RoboZap/RoboZapGame/rtl/logic/buttons_handler.sv ...
Done /student/trys/Documents/Vivado/RoboZap/RoboZapGame/rtl/logic/buttons_handler.sv [10 ms, 133 lines, SystemVerilog_2012] ...
Loading (4) /student/trys/Documents/Vivado/RoboZap/RoboZapGame/rtl/logic/game_state.sv ...
Done /student/trys/Documents/Vivado/RoboZap/RoboZapGame/rtl/logic/game_state.sv [6 ms, 77 lines, SystemVerilog_2012] ...
Loading (5) /student/trys/Documents/Vivado/RoboZap/RoboZapGame/rtl/logic/health_calculator.sv ...
Done /student/trys/Documents/Vivado/RoboZap/RoboZapGame/rtl/logic/health_calculator.sv [21 ms, 99 lines, SystemVerilog_2012] ...
Loading (6) /student/trys/Documents/Vivado/RoboZap/RoboZapGame/rtl/logic/lever_selector.sv ...
Done /student/trys/Documents/Vivado/RoboZap/RoboZapGame/rtl/logic/lever_selector.sv [7 ms, 87 lines, SystemVerilog_2012] ...
Loading (7) /student/trys/Documents/Vivado/RoboZap/RoboZapGame/rtl/logic/levers_info.sv ...
Done /student/trys/Documents/Vivado/RoboZap/RoboZapGame/rtl/logic/levers_info.sv [8 ms, 70 lines, SystemVerilog_2012] ...
Loading (8) /student/trys/Documents/Vivado/RoboZap/RoboZapGame/rtl/logic/map_randomizer.sv ...
Done /student/trys/Documents/Vivado/RoboZap/RoboZapGame/rtl/logic/map_randomizer.sv [5 ms, 43 lines, SystemVerilog_2012] ...
Loading (9) /student/trys/Documents/Vivado/RoboZap/RoboZapGame/rtl/logic/new_game.sv ...
Done /student/trys/Documents/Vivado/RoboZap/RoboZapGame/rtl/logic/new_game.sv [2 ms, 31 lines, SystemVerilog_2012] ...
Loading (10) /student/trys/Documents/Vivado/RoboZap/RoboZapGame/rtl/logic/start_game.sv ...
Done /student/trys/Documents/Vivado/RoboZap/RoboZapGame/rtl/logic/start_game.sv [2 ms, 39 lines, SystemVerilog_2012] ...
Loading (11) /student/trys/Documents/Vivado/RoboZap/RoboZapGame/rtl/logic/target.sv ...
Done /student/trys/Documents/Vivado/RoboZap/RoboZapGame/rtl/logic/target.sv [10 ms, 108 lines, SystemVerilog_2012] ...
Loading (12) /student/trys/Documents/Vivado/RoboZap/RoboZapGame/rtl/logic/top_logic.sv ...
Done /student/trys/Documents/Vivado/RoboZap/RoboZapGame/rtl/logic/top_logic.sv [8 ms, 136 lines, SystemVerilog_2012] ...
Loading (13) /student/trys/Documents/Vivado/RoboZap/RoboZapGame/rtl/logic/who_won.sv ...
Done /student/trys/Documents/Vivado/RoboZap/RoboZapGame/rtl/logic/who_won.sv [3 ms, 41 lines, SystemVerilog_2012] ...
Loading (14) /student/trys/Documents/Vivado/RoboZap/RoboZapGame/rtl/vga_files/top_vga.sv ...
Done /student/trys/Documents/Vivado/RoboZap/RoboZapGame/rtl/vga_files/top_vga.sv [5 ms, 118 lines, SystemVerilog_2012] ...
Loading (15) /student/trys/Documents/Vivado/RoboZap/RoboZapGame/rtl/vga_files/vga_if.sv ...
Done /student/trys/Documents/Vivado/RoboZap/RoboZapGame/rtl/vga_files/vga_if.sv [7 ms, 33 lines, SystemVerilog_2012] ...
Loading (16) /student/trys/Documents/Vivado/RoboZap/RoboZapGame/sim/common/tiff_writer.sv ...
Done /student/trys/Documents/Vivado/RoboZap/RoboZapGame/sim/common/tiff_writer.sv [73 ms, 405 lines, SystemVerilog_2012] ...
Loading (17) /student/trys/Documents/Vivado/RoboZap/RoboZapGame/sim/levers_info/levers_info_tb.sv ...
Done /student/trys/Documents/Vivado/RoboZap/RoboZapGame/sim/levers_info/levers_info_tb.sv [5 ms, 66 lines, SystemVerilog_2012] ...
Loading (18) /student/trys/Documents/Vivado/RoboZap/RoboZapGame/sim/top_fpga/top_fpga_tb.sv ...
Done /student/trys/Documents/Vivado/RoboZap/RoboZapGame/sim/top_fpga/top_fpga_tb.sv [10 ms, 138 lines, SystemVerilog_2012] ...
Loading (19) /student/trys/Documents/Vivado/RoboZap/RoboZapGame/sim/top_logic/top_logic_tb.sv ...
Done /student/trys/Documents/Vivado/RoboZap/RoboZapGame/sim/top_logic/top_logic_tb.sv [20 ms, 229 lines, SystemVerilog_2012] ...
Loading (20) /student/trys/Documents/Vivado/RoboZap/RoboZapGame/sim/top_vga/top_vga_tb.sv ...
Done /student/trys/Documents/Vivado/RoboZap/RoboZapGame/sim/top_vga/top_vga_tb.sv [9 ms, 123 lines, SystemVerilog_2012] ...
Loading (21) /student/trys/Documents/Vivado/RoboZap/RoboZapGame/rtl/vga_files/vga_pkg.sv ...
Done /student/trys/Documents/Vivado/RoboZap/RoboZapGame/rtl/vga_files/vga_pkg.sv [1 ms, 27 lines, SystemVerilog_2012] ...
Loading (22) /student/trys/Documents/Vivado/RoboZap/RoboZapGame/sim/vga_timing/vga_timing_tb.sv ...
Done /student/trys/Documents/Vivado/RoboZap/RoboZapGame/sim/vga_timing/vga_timing_tb.sv [2 ms, 96 lines, SystemVerilog_2012] ...
Loading (23) /student/trys/Documents/Vivado/RoboZap/RoboZapGame/rtl/vga_files/vga_timing.sv ...
Done /student/trys/Documents/Vivado/RoboZap/RoboZapGame/rtl/vga_files/vga_timing.sv [4 ms, 102 lines, SystemVerilog_2012] ...
Loading (24) /student/trys/Documents/Vivado/RoboZap/RoboZapGame/rtl/vga_files/draw_stats.sv ...
Done /student/trys/Documents/Vivado/RoboZap/RoboZapGame/rtl/vga_files/draw_stats.sv [11 ms, 210 lines, SystemVerilog_2012] ...
Loading (25) /student/trys/Documents/Vivado/RoboZap/RoboZapGame/rtl/vga_files/draw_start_bg.sv ...
Done /student/trys/Documents/Vivado/RoboZap/RoboZapGame/rtl/vga_files/draw_start_bg.sv [32 ms, 2206 lines, SystemVerilog_2012] ...
Loading (26) /student/trys/Documents/Vivado/RoboZap/RoboZapGame/rtl/vga_files/draw_lever.sv ...
Done /student/trys/Documents/Vivado/RoboZap/RoboZapGame/rtl/vga_files/draw_lever.sv [29 ms, 248 lines, SystemVerilog_2012] ...
Loading (27) /student/trys/Documents/Vivado/RoboZap/RoboZapGame/rtl/vga_files/draw_highlight.sv ...
Done /student/trys/Documents/Vivado/RoboZap/RoboZapGame/rtl/vga_files/draw_highlight.sv [4 ms, 72 lines, SystemVerilog_2012] ...
Loading (28) /student/trys/Documents/Vivado/RoboZap/RoboZapGame/rtl/vga_files/draw_bg.sv ...
Done /student/trys/Documents/Vivado/RoboZap/RoboZapGame/rtl/vga_files/draw_bg.sv [19 ms, 189 lines, SystemVerilog_2012] ...
Loading (29) /student/trys/Documents/Vivado/RoboZap/RoboZapGame/sim/common/glbl.v ...
Done /student/trys/Documents/Vivado/RoboZap/RoboZapGame/sim/common/glbl.v [5 ms, 85 lines, Verilog_2001] ...
*** Done invocation #1 [458 ms] ***
*** Total number of lines [5 570] ***
Performing post full build actions ...
Performing post full build step 1 (SRI) [1 ms] ...
Performing post full build step 2 (RI) [5 ms] ...
Performing post full build step 3 (RCP) [0 ms] ...
*** Done SystemVerilog build [700 ms] ***
*** Start mixed mode extension build ***
Performing mixed post full build step (VHDL - RU) [10 ms] ...
Performing mixed post full build step (VHDL - RT) [102 ms] ...
Performing mixed post full build step (VHDL - RD) [5 ms] ...
Performing mixed post full build step (VHDL - FSC) [119 ms] ...
Performing mixed post full build step (VLOG - RI) [2 ms] ...
*** Warning: UNSPECIFIED_TOP: Please specify a -top module/entity/configuration in the project build file
*** Top design candidates: work.top_vga_basys3, work.levers_info_tb, work.top_fpga_tb, work.top_logic_tb, work.top_vga_tb, work.vga_timing_tb
Performing mixed post full build step (MIXED - ELAB) [515 ms] ...
Performing mixed post full build step (MIXED - UNEL) [52 ms] ...
*** Warning: UNDECLARED_MODULE: Module 'IBUF' is not declared
    at line 83 in /student/trys/Documents/Vivado/RoboZap/RoboZapGame/rtl/clk_wiz_0_clk_wiz.v [compile index 2]
*** Warning: UNDECLARED_MODULE: Module 'MMCME2_ADV' is not declared
    at line 130 in /student/trys/Documents/Vivado/RoboZap/RoboZapGame/rtl/clk_wiz_0_clk_wiz.v [compile index 2]
*** Warning: UNDECLARED_MODULE: Module 'BUFG' is not declared
    at line 196 in /student/trys/Documents/Vivado/RoboZap/RoboZapGame/rtl/clk_wiz_0_clk_wiz.v [compile index 2]
*** Warning: UNDECLARED_MODULE: Module 'BUFGCE' is not declared
    at line 206 in /student/trys/Documents/Vivado/RoboZap/RoboZapGame/rtl/clk_wiz_0_clk_wiz.v [compile index 2]
*** Warning: UNDECLARED_MODULE: Module 'BUFH' is not declared
    at line 211 in /student/trys/Documents/Vivado/RoboZap/RoboZapGame/rtl/clk_wiz_0_clk_wiz.v [compile index 2]
*** Warning: UNDECLARED_MODULE: Module 'BUFGCE' is not declared
    at line 218 in /student/trys/Documents/Vivado/RoboZap/RoboZapGame/rtl/clk_wiz_0_clk_wiz.v [compile index 2]
*** Warning: UNDECLARED_MODULE: Module 'BUFH' is not declared
    at line 223 in /student/trys/Documents/Vivado/RoboZap/RoboZapGame/rtl/clk_wiz_0_clk_wiz.v [compile index 2]
*** Warning: UNDECLARED_MODULE: Module 'ODDR' is not declared
    at line 68 in /student/trys/Documents/Vivado/RoboZap/RoboZapGame/fpga/rtl/top_vga_basys3.sv [compile index 1]
*** Warning: MISSING_PORT_CONNECTION: Instance 'clk_wizard' of module 'clk_wiz_0_clk_wiz' is missing port connection to output 'locked'
    at line 58 in /student/trys/Documents/Vivado/RoboZap/RoboZapGame/sim/top_fpga/top_fpga_tb.sv [compile index 18]
*** Warning: MISSING_PORT_CONNECTION: Instance 'top_logic_dut' of module 'top_logic' is missing port connection to input 'buttonD, buttonU, buttonR, buttonL'
    at line 68 in /student/trys/Documents/Vivado/RoboZap/RoboZapGame/sim/top_fpga/top_fpga_tb.sv [compile index 18]
*** Warning: MISSING_PORT_CONNECTION: Instance 'top_logic_dut' of module 'top_logic' is missing port connection to output 'turn, winner, player0_health, player1_health, ...'
    at line 68 in /student/trys/Documents/Vivado/RoboZap/RoboZapGame/sim/top_fpga/top_fpga_tb.sv [compile index 18]
*** Warning: MISSING_PORT_CONNECTION: Instance 'top_vga_dut' of module 'top_vga' is missing port connection to output 'vs, hs, r, g, ...'
    at line 75 in /student/trys/Documents/Vivado/RoboZap/RoboZapGame/sim/top_fpga/top_fpga_tb.sv [compile index 18]
*** Warning: WIDTH_MISMATCH_TRUNCATION: Assignment to 'states' of '2-bit' type from 'states' of '3-bit' type
    at line 83 in /student/trys/Documents/Vivado/RoboZap/RoboZapGame/sim/top_fpga/top_fpga_tb.sv [compile index 18]
*** Warning: MISSING_PORT_CONNECTION: Instance 'u_target' of module 'target' is missing port connection to input 'lever_left_in, position'
    at line 122 in /student/trys/Documents/Vivado/RoboZap/RoboZapGame/sim/top_logic/top_logic_tb.sv [compile index 19]
*** Warning: WIDTH_MISMATCH_PADDING: Assignment to 'position' of '3-bit' type from '2'b00' of '2-bit' type
    at line 51 in /student/trys/Documents/Vivado/RoboZap/RoboZapGame/sim/levers_info/levers_info_tb.sv [compile index 17]
*** Warning: UNELABORATED_MODULE: Module 'work.glbl' is not elaborated
    at line 6 in /student/trys/Documents/Vivado/RoboZap/RoboZapGame/sim/common/glbl.v [compile index 29]
Performing mixed post full build step (VHDL - ELPC) [0 ms] ...
Performing mixed post full build step (VHDL - US) [0 ms] ...
Performing mixed post full build step (VHDL - USBD) [51 ms] ...
Performing mixed post full build step (VLOG - RD) [11 ms] ...
Performing mixed post full build step (VLOG - FSC) [51 ms] ...
Performing mixed post full build step (VLOG - EV) [51 ms] ...
Performing mixed post full build step (VLOG - ELPC) [53 ms] ...
Performing mixed post full build step (VLOG - US) [100 ms] ...
*** Warning: SIGNAL_NEVER_READ: Signal 'locked' is never read (connected to sub-instance output port)
    at line 33 in /student/trys/Documents/Vivado/RoboZap/RoboZapGame/fpga/rtl/top_vga_basys3.sv [compile index 1]
*** Warning: SIGNAL_NEVER_READ: Signal 'safe_start' is never read
    at line 41 in /student/trys/Documents/Vivado/RoboZap/RoboZapGame/fpga/rtl/top_vga_basys3.sv [compile index 1]
*** Warning: SIGNAL_NEVER_USED: Signal 'clk_in2_clk_wiz_0' is never used
    at line 82 in /student/trys/Documents/Vivado/RoboZap/RoboZapGame/rtl/clk_wiz_0_clk_wiz.v [compile index 2]
*** Warning: SIGNAL_NEVER_USED: Signal 'clk_out3_clk_wiz_0' is never used
    at line 99 in /student/trys/Documents/Vivado/RoboZap/RoboZapGame/rtl/clk_wiz_0_clk_wiz.v [compile index 2]
*** Warning: SIGNAL_NEVER_USED: Signal 'clk_out4_clk_wiz_0' is never used
    at line 100 in /student/trys/Documents/Vivado/RoboZap/RoboZapGame/rtl/clk_wiz_0_clk_wiz.v [compile index 2]
*** Warning: SIGNAL_NEVER_USED: Signal 'clk_out5_clk_wiz_0' is never used
    at line 101 in /student/trys/Documents/Vivado/RoboZap/RoboZapGame/rtl/clk_wiz_0_clk_wiz.v [compile index 2]
*** Warning: SIGNAL_NEVER_USED: Signal 'clk_out6_clk_wiz_0' is never used
    at line 102 in /student/trys/Documents/Vivado/RoboZap/RoboZapGame/rtl/clk_wiz_0_clk_wiz.v [compile index 2]
*** Warning: SIGNAL_NEVER_USED: Signal 'clk_out7_clk_wiz_0' is never used
    at line 103 in /student/trys/Documents/Vivado/RoboZap/RoboZapGame/rtl/clk_wiz_0_clk_wiz.v [compile index 2]
*** Warning: IMPLICIT_DECLARATION: Implicit declaration of 'clk100MHz_clk_wiz_0_en_clk' using `default_nettype set to wire
    at line 212 in /student/trys/Documents/Vivado/RoboZap/RoboZapGame/rtl/clk_wiz_0_clk_wiz.v [compile index 2]
*** Warning: INTERNAL_GENERATED_CLOCK: Clock signal 'clk100MHz_clk_wiz_0_en_clk' is not an input port
    at line 214 in /student/trys/Documents/Vivado/RoboZap/RoboZapGame/rtl/clk_wiz_0_clk_wiz.v [compile index 2]
*** Warning: IMPLICIT_DECLARATION: Implicit declaration of 'clk40MHz_clk_wiz_0_en_clk' using `default_nettype set to wire
    at line 224 in /student/trys/Documents/Vivado/RoboZap/RoboZapGame/rtl/clk_wiz_0_clk_wiz.v [compile index 2]
*** Warning: INTERNAL_GENERATED_CLOCK: Clock signal 'clk40MHz_clk_wiz_0_en_clk' is not an input port
    at line 227 in /student/trys/Documents/Vivado/RoboZap/RoboZapGame/rtl/clk_wiz_0_clk_wiz.v [compile index 2]
*** Warning: INTERNAL_GENERATED_RESET: Reset signal 'file_open' is not an input port
    at line 388 in /student/trys/Documents/Vivado/RoboZap/RoboZapGame/sim/common/tiff_writer.sv [compile index 16]
*** Warning: MULTIPLE_CLOCKS_BLOCK: Procedural block driven by multiple clocks (go_delayed, go)
    at line 395 in /student/trys/Documents/Vivado/RoboZap/RoboZapGame/sim/common/tiff_writer.sv [compile index 16]
*** Warning: SIGNAL_NEVER_READ: Signal 'lever_info' is never read (connected to sub-instance output port)
    at line 19 in /student/trys/Documents/Vivado/RoboZap/RoboZapGame/sim/levers_info/levers_info_tb.sv [compile index 17]
*** Warning: SIGNAL_NEVER_READ: Signal 'lever_left' is never read (connected to sub-instance output port)
    at line 20 in /student/trys/Documents/Vivado/RoboZap/RoboZapGame/sim/levers_info/levers_info_tb.sv [compile index 17]
*** Warning: SIGNAL_NEVER_READ: Signal 'buttonD' is never read
    at line 40 in /student/trys/Documents/Vivado/RoboZap/RoboZapGame/sim/top_fpga/top_fpga_tb.sv [compile index 18]
*** Warning: SIGNAL_NEVER_READ: Signal 'buttonL' is never read
    at line 40 in /student/trys/Documents/Vivado/RoboZap/RoboZapGame/sim/top_fpga/top_fpga_tb.sv [compile index 18]
*** Warning: SIGNAL_NEVER_READ: Signal 'buttonR' is never read
    at line 40 in /student/trys/Documents/Vivado/RoboZap/RoboZapGame/sim/top_fpga/top_fpga_tb.sv [compile index 18]
*** Warning: SIGNAL_NEVER_READ: Signal 'buttonU' is never read
    at line 40 in /student/trys/Documents/Vivado/RoboZap/RoboZapGame/sim/top_fpga/top_fpga_tb.sv [compile index 18]
*** Warning: SIGNAL_NEVER_WRITTEN: Signal 'current_player' is never written (connected to sub-instance input port)
    at line 41 in /student/trys/Documents/Vivado/RoboZap/RoboZapGame/sim/top_fpga/top_fpga_tb.sv [compile index 18]
*** Warning: SIGNAL_NEVER_WRITTEN: Signal 'lever_left' is never written (connected to sub-instance input port)
    at line 42 in /student/trys/Documents/Vivado/RoboZap/RoboZapGame/sim/top_fpga/top_fpga_tb.sv [compile index 18]
*** Warning: SIGNAL_NEVER_WRITTEN: Signal 'player0_health' is never written (connected to sub-instance input port)
    at line 43 in /student/trys/Documents/Vivado/RoboZap/RoboZapGame/sim/top_fpga/top_fpga_tb.sv [compile index 18]
*** Warning: SIGNAL_NEVER_WRITTEN: Signal 'player1_health' is never written (connected to sub-instance input port)
    at line 43 in /student/trys/Documents/Vivado/RoboZap/RoboZapGame/sim/top_fpga/top_fpga_tb.sv [compile index 18]
*** Warning: SIGNAL_NEVER_WRITTEN: Signal 'who_won' is never written (connected to sub-instance input port)
    at line 43 in /student/trys/Documents/Vivado/RoboZap/RoboZapGame/sim/top_fpga/top_fpga_tb.sv [compile index 18]
*** Warning: SIGNAL_NEVER_WRITTEN: Signal 'position' is never written (connected to sub-instance input port)
    at line 44 in /student/trys/Documents/Vivado/RoboZap/RoboZapGame/sim/top_fpga/top_fpga_tb.sv [compile index 18]
*** Warning: SIGNAL_NEVER_WRITTEN: Signal 'states' is never written (connected to sub-instance input port)
    at line 44 in /student/trys/Documents/Vivado/RoboZap/RoboZapGame/sim/top_fpga/top_fpga_tb.sv [compile index 18]
*** Warning: SIGNAL_NEVER_READ: Signal 'turn' is never read (connected to sub-instance output port)
    at line 21 in /student/trys/Documents/Vivado/RoboZap/RoboZapGame/sim/top_logic/top_logic_tb.sv [compile index 19]
*** Warning: SIGNAL_NEVER_READ: Signal 'winner' is never read (connected to sub-instance output port)
    at line 22 in /student/trys/Documents/Vivado/RoboZap/RoboZapGame/sim/top_logic/top_logic_tb.sv [compile index 19]
*** Warning: SIGNAL_NEVER_READ: Signal 'lever_left' is never read (connected to sub-instance output port)
    at line 24 in /student/trys/Documents/Vivado/RoboZap/RoboZapGame/sim/top_logic/top_logic_tb.sv [compile index 19]
*** Warning: SIGNAL_NEVER_READ: Signal 'hs' is never read (connected to sub-instance output port)
    at line 38 in /student/trys/Documents/Vivado/RoboZap/RoboZapGame/sim/top_vga/top_vga_tb.sv [compile index 20]
*** Warning: SIGNAL_NEVER_USED: Signal 'who_won' is never used
    at line 8 in /student/trys/Documents/Vivado/RoboZap/RoboZapGame/rtl/vga_files/draw_start_bg.sv [compile index 25]
*** Warning: PARAMETER_NEVER_USED: Parameter 'new_line' is never used
    at line 28 in /student/trys/Documents/Vivado/RoboZap/RoboZapGame/rtl/vga_files/draw_start_bg.sv [compile index 25]
*** Warning: SIGNAL_NEVER_READ: Signal 'GSR' is never read
    at line 14 in /student/trys/Documents/Vivado/RoboZap/RoboZapGame/sim/common/glbl.v [compile index 29]
*** Warning: SIGNAL_NEVER_READ: Signal 'GTS' is never read
    at line 15 in /student/trys/Documents/Vivado/RoboZap/RoboZapGame/sim/common/glbl.v [compile index 29]
*** Warning: SIGNAL_NEVER_USED: Signal 'GWE' is never used
    at line 16 in /student/trys/Documents/Vivado/RoboZap/RoboZapGame/sim/common/glbl.v [compile index 29]
*** Warning: SIGNAL_NEVER_READ: Signal 'PRLD' is never read
    at line 17 in /student/trys/Documents/Vivado/RoboZap/RoboZapGame/sim/common/glbl.v [compile index 29]
*** Warning: SIGNAL_NEVER_READ: Signal 'GRESTORE' is never read
    at line 18 in /student/trys/Documents/Vivado/RoboZap/RoboZapGame/sim/common/glbl.v [compile index 29]
*** Warning: SIGNAL_NEVER_WRITTEN: Signal 'p_up_tmp' is never written
    at line 19 in /student/trys/Documents/Vivado/RoboZap/RoboZapGame/sim/common/glbl.v [compile index 29]
*** Warning: SIGNAL_NEVER_READ: Signal 'PLL_LOCKG' is never read
    at line 20 in /student/trys/Documents/Vivado/RoboZap/RoboZapGame/sim/common/glbl.v [compile index 29]
*** Warning: SIGNAL_NEVER_USED: Signal 'PROGB_GLBL' is never used
    at line 22 in /student/trys/Documents/Vivado/RoboZap/RoboZapGame/sim/common/glbl.v [compile index 29]
*** Warning: SIGNAL_NEVER_USED: Signal 'CCLKO_GLBL' is never used
    at line 23 in /student/trys/Documents/Vivado/RoboZap/RoboZapGame/sim/common/glbl.v [compile index 29]
*** Warning: SIGNAL_NEVER_USED: Signal 'FCSBO_GLBL' is never used
    at line 24 in /student/trys/Documents/Vivado/RoboZap/RoboZapGame/sim/common/glbl.v [compile index 29]
*** Warning: SIGNAL_NEVER_USED: Signal 'DO_GLBL' is never used
    at line 25 in /student/trys/Documents/Vivado/RoboZap/RoboZapGame/sim/common/glbl.v [compile index 29]
*** Warning: SIGNAL_NEVER_USED: Signal 'DI_GLBL' is never used
    at line 26 in /student/trys/Documents/Vivado/RoboZap/RoboZapGame/sim/common/glbl.v [compile index 29]
*** Warning: SIGNAL_NEVER_USED: Signal 'JTAG_TDO_GLBL' is never used
    at line 34 in /student/trys/Documents/Vivado/RoboZap/RoboZapGame/sim/common/glbl.v [compile index 29]
*** Warning: SIGNAL_NEVER_USED: Signal 'JTAG_TCK_GLBL' is never used
    at line 35 in /student/trys/Documents/Vivado/RoboZap/RoboZapGame/sim/common/glbl.v [compile index 29]
*** Warning: SIGNAL_NEVER_USED: Signal 'JTAG_TDI_GLBL' is never used
    at line 36 in /student/trys/Documents/Vivado/RoboZap/RoboZapGame/sim/common/glbl.v [compile index 29]
*** Warning: SIGNAL_NEVER_USED: Signal 'JTAG_TMS_GLBL' is never used
    at line 37 in /student/trys/Documents/Vivado/RoboZap/RoboZapGame/sim/common/glbl.v [compile index 29]
*** Warning: SIGNAL_NEVER_USED: Signal 'JTAG_TRST_GLBL' is never used
    at line 38 in /student/trys/Documents/Vivado/RoboZap/RoboZapGame/sim/common/glbl.v [compile index 29]
*** Warning: SIGNAL_NEVER_USED: Signal 'JTAG_CAPTURE_GLBL' is never used
    at line 40 in /student/trys/Documents/Vivado/RoboZap/RoboZapGame/sim/common/glbl.v [compile index 29]
*** Warning: SIGNAL_NEVER_USED: Signal 'JTAG_RESET_GLBL' is never used
    at line 41 in /student/trys/Documents/Vivado/RoboZap/RoboZapGame/sim/common/glbl.v [compile index 29]
*** Warning: SIGNAL_NEVER_USED: Signal 'JTAG_SHIFT_GLBL' is never used
    at line 42 in /student/trys/Documents/Vivado/RoboZap/RoboZapGame/sim/common/glbl.v [compile index 29]
*** Warning: SIGNAL_NEVER_USED: Signal 'JTAG_UPDATE_GLBL' is never used
    at line 43 in /student/trys/Documents/Vivado/RoboZap/RoboZapGame/sim/common/glbl.v [compile index 29]
*** Warning: SIGNAL_NEVER_USED: Signal 'JTAG_RUNTEST_GLBL' is never used
    at line 44 in /student/trys/Documents/Vivado/RoboZap/RoboZapGame/sim/common/glbl.v [compile index 29]
*** Warning: SIGNAL_NEVER_READ: Signal 'JTAG_SEL1_GLBL' is never read
    at line 46 in /student/trys/Documents/Vivado/RoboZap/RoboZapGame/sim/common/glbl.v [compile index 29]
*** Warning: SIGNAL_NEVER_READ: Signal 'JTAG_SEL2_GLBL' is never read
    at line 47 in /student/trys/Documents/Vivado/RoboZap/RoboZapGame/sim/common/glbl.v [compile index 29]
*** Warning: SIGNAL_NEVER_READ: Signal 'JTAG_SEL3_GLBL' is never read
    at line 48 in /student/trys/Documents/Vivado/RoboZap/RoboZapGame/sim/common/glbl.v [compile index 29]
*** Warning: SIGNAL_NEVER_READ: Signal 'JTAG_SEL4_GLBL' is never read
    at line 49 in /student/trys/Documents/Vivado/RoboZap/RoboZapGame/sim/common/glbl.v [compile index 29]
*** Warning: SIGNAL_NEVER_READ: Signal 'JTAG_USER_TDO1_GLBL' is never read
    at line 51 in /student/trys/Documents/Vivado/RoboZap/RoboZapGame/sim/common/glbl.v [compile index 29]
*** Warning: SIGNAL_NEVER_READ: Signal 'JTAG_USER_TDO2_GLBL' is never read
    at line 52 in /student/trys/Documents/Vivado/RoboZap/RoboZapGame/sim/common/glbl.v [compile index 29]
*** Warning: SIGNAL_NEVER_READ: Signal 'JTAG_USER_TDO3_GLBL' is never read
    at line 53 in /student/trys/Documents/Vivado/RoboZap/RoboZapGame/sim/common/glbl.v [compile index 29]
*** Warning: SIGNAL_NEVER_READ: Signal 'JTAG_USER_TDO4_GLBL' is never read
    at line 54 in /student/trys/Documents/Vivado/RoboZap/RoboZapGame/sim/common/glbl.v [compile index 29]
*** Done mixed mode extension build [1s.141ms] ***
*** Total build time [3s.226ms] ***
