#-----------------------------------------------------------
# Vivado v2021.2 (64-bit)
# SW Build 3367213 on Tue Oct 19 02:47:39 MDT 2021
# IP Build 3369179 on Thu Oct 21 08:25:16 MDT 2021
# Start of session at: Sat Aug 24 13:50:15 2024
# Process ID: 422
# Current directory: /home/student/lperczynski/Vivado/RoboZapGame/fpga
# Command line: vivado -mode tcl -source scripts/generate_bitstream.tcl
# Log file: /home/student/lperczynski/Vivado/RoboZapGame/fpga/vivado.log
# Journal file: /home/student/lperczynski/Vivado/RoboZapGame/fpga/vivado.jou
# Running On: cadence26, OS: Linux, CPU Frequency: 3798.632 MHz, CPU Physical cores: 4, Host memory: 16720 MB
#-----------------------------------------------------------
source scripts/generate_bitstream.tcl
# source scripts/project_details.tcl
## set project_name vga_project
## set top_module top_vga_basys3
## set target xc7a35tcpg236-1
## set xdc_files {
##     constraints/top_vga_basys3.xdc
## }
## set sv_files {
##     ../rtl/vga_files/vga_pkg.sv
##     ../rtl/vga_files/vga_timing.sv
##     ../rtl/vga_files/vga_if.sv
##     ../rtl/vga_files/draw_bg.sv
##     ../rtl/vga_files/draw_lever.sv
##     ../rtl/vga_files/draw_stats.sv
##     ../rtl/vga_files/draw_highlight.sv
##     ../rtl/vga_files/draw_start_bg.sv
##     ../rtl/vga_files/top_vga.sv
##     rtl/top_vga_basys3.sv
##     ../rtl/uart_files/top_uart.sv
##     ../rtl/uart_files/uart_clock.sv
##     ../rtl/uart_files/uart_rx.sv
##     ../rtl/uart_files/uart_tx.sv
##     ../rtl/uart_files/uart.sv
##     ../rtl/logic/game_state.sv
##     ../rtl/logic/lever_select.sv
##     ../rtl/logic/top_logic.sv
##     ../rtl/logic/table_base.sv
## 
## }
## set verilog_files {
##      ../rtl/clk_wiz_0_clk_wiz.v
##  }
# proc create_new_project {project_name target top_module} {
#     file mkdir build
#     create_project ${project_name} build -part ${target} -force
# 
#     # read files from the variables provided by the project_details.tcl
#     if {[info exists ::xdc_files]}     {read_xdc ${::xdc_files}}
#     if {[info exists ::sv_files]}      {read_verilog -sv ${::sv_files}}
#     if {[info exists ::verilog_files]} {read_verilog ${::verilog_files}}
#     if {[info exists ::vhdl_files]}    {read_vhdl ${::vhdl_files}}
#     if {[info exists ::mem_files]}     {read_mem ${::mem_files}}
# 
#     set_property top ${top_module} [current_fileset]
#     update_compile_order -fileset sources_1
# }
# proc generate_bitstream {} {
#     # Run synthesis
#     reset_run synth_1
#     launch_runs synth_1 -jobs 8
#     wait_on_run synth_1
# 
#     # Run implemenatation up to bitstream generation
#     launch_runs impl_1 -to_step write_bitstream -jobs 8
#     wait_on_run impl_1
# }
# create_new_project $project_name $target $top_module
# generate_bitstream
WARNING: [Vivado 12-7122] Auto Incremental Compile:: No reference checkpoint was found in run synth_1. Auto-incremental flow will not be run, the standard flow will be run instead.
[Sat Aug 24 13:50:28 2024] Launched synth_1...
Run output will be captured here: /home/student/lperczynski/Vivado/RoboZapGame/fpga/build/vga_project.runs/synth_1/runme.log
[Sat Aug 24 13:50:28 2024] Waiting for synth_1 to finish...

*** Running vivado
    with args -log top_vga_basys3.vds -m64 -product Vivado -mode batch -messageDb vivado.pb -notrace -source top_vga_basys3.tcl


****** Vivado v2021.2 (64-bit)
  **** SW Build 3367213 on Tue Oct 19 02:47:39 MDT 2021
  **** IP Build 3369179 on Thu Oct 21 08:25:16 MDT 2021
    ** Copyright 1986-2021 Xilinx, Inc. All Rights Reserved.

source top_vga_basys3.tcl -notrace
Command: synth_design -top top_vga_basys3 -part xc7a35tcpg236-1
Starting synth_design
Attempting to get a license for feature 'Synthesis' and/or device 'xc7a35t'
INFO: [Common 17-349] Got license for feature 'Synthesis' and/or device 'xc7a35t'
INFO: [Device 21-403] Loading part xc7a35tcpg236-1
INFO: [Synth 8-7079] Multithreading enabled for synth_design using a maximum of 4 processes.
INFO: [Synth 8-7078] Launching helper process for spawning children vivado processes
INFO: [Synth 8-7075] Helper process launched with PID 1087
---------------------------------------------------------------------------------
Starting RTL Elaboration : Time (s): cpu = 00:00:03 ; elapsed = 00:00:03 . Memory (MB): peak = 2717.812 ; gain = 0.000 ; free physical = 2643 ; free virtual = 13627
---------------------------------------------------------------------------------
INFO: [Synth 8-6157] synthesizing module 'top_vga_basys3' [/home/student/lperczynski/Vivado/RoboZapGame/fpga/rtl/top_vga_basys3.sv:17]
INFO: [Synth 8-6157] synthesizing module 'clk_wiz_0_clk_wiz' [/home/student/lperczynski/Vivado/RoboZapGame/rtl/clk_wiz_0_clk_wiz.v:69]
INFO: [Synth 8-6157] synthesizing module 'IBUF' [/home_local/Xilinx/Vivado/2021.2/scripts/rt/data/unisim_comp.v:55204]
INFO: [Synth 8-6155] done synthesizing module 'IBUF' (1#1) [/home_local/Xilinx/Vivado/2021.2/scripts/rt/data/unisim_comp.v:55204]
INFO: [Synth 8-6157] synthesizing module 'MMCME2_ADV' [/home_local/Xilinx/Vivado/2021.2/scripts/rt/data/unisim_comp.v:63510]
	Parameter BANDWIDTH bound to: OPTIMIZED - type: string 
	Parameter CLKFBOUT_MULT_F bound to: 10.000000 - type: double 
	Parameter CLKFBOUT_PHASE bound to: 0.000000 - type: double 
	Parameter CLKFBOUT_USE_FINE_PS bound to: FALSE - type: string 
	Parameter CLKIN1_PERIOD bound to: 10.000000 - type: double 
	Parameter CLKOUT0_DIVIDE_F bound to: 10.000000 - type: double 
	Parameter CLKOUT0_DUTY_CYCLE bound to: 0.500000 - type: double 
	Parameter CLKOUT0_PHASE bound to: 0.000000 - type: double 
	Parameter CLKOUT0_USE_FINE_PS bound to: FALSE - type: string 
	Parameter CLKOUT1_DIVIDE bound to: 25 - type: integer 
	Parameter CLKOUT1_DUTY_CYCLE bound to: 0.500000 - type: double 
	Parameter CLKOUT1_PHASE bound to: 0.000000 - type: double 
	Parameter CLKOUT1_USE_FINE_PS bound to: FALSE - type: string 
	Parameter CLKOUT4_CASCADE bound to: FALSE - type: string 
	Parameter COMPENSATION bound to: ZHOLD - type: string 
	Parameter DIVCLK_DIVIDE bound to: 1 - type: integer 
	Parameter STARTUP_WAIT bound to: FALSE - type: string 
INFO: [Synth 8-6155] done synthesizing module 'MMCME2_ADV' (2#1) [/home_local/Xilinx/Vivado/2021.2/scripts/rt/data/unisim_comp.v:63510]
INFO: [Synth 8-6157] synthesizing module 'BUFG' [/home_local/Xilinx/Vivado/2021.2/scripts/rt/data/unisim_comp.v:1083]
INFO: [Synth 8-6155] done synthesizing module 'BUFG' (3#1) [/home_local/Xilinx/Vivado/2021.2/scripts/rt/data/unisim_comp.v:1083]
INFO: [Synth 8-6157] synthesizing module 'BUFGCE' [/home_local/Xilinx/Vivado/2021.2/scripts/rt/data/unisim_comp.v:1093]
INFO: [Synth 8-6155] done synthesizing module 'BUFGCE' (4#1) [/home_local/Xilinx/Vivado/2021.2/scripts/rt/data/unisim_comp.v:1093]
INFO: [Synth 8-6157] synthesizing module 'BUFH' [/home_local/Xilinx/Vivado/2021.2/scripts/rt/data/unisim_comp.v:1319]
INFO: [Synth 8-6155] done synthesizing module 'BUFH' (5#1) [/home_local/Xilinx/Vivado/2021.2/scripts/rt/data/unisim_comp.v:1319]
INFO: [Synth 8-6155] done synthesizing module 'clk_wiz_0_clk_wiz' (6#1) [/home/student/lperczynski/Vivado/RoboZapGame/rtl/clk_wiz_0_clk_wiz.v:69]
INFO: [Synth 8-6157] synthesizing module 'ODDR' [/home_local/Xilinx/Vivado/2021.2/scripts/rt/data/unisim_comp.v:74749]
INFO: [Synth 8-6155] done synthesizing module 'ODDR' (7#1) [/home_local/Xilinx/Vivado/2021.2/scripts/rt/data/unisim_comp.v:74749]
INFO: [Synth 8-6157] synthesizing module 'top_vga' [/home/student/lperczynski/Vivado/RoboZapGame/rtl/vga_files/top_vga.sv:17]
INFO: [Synth 8-6157] synthesizing module 'vga_if' [/home/student/lperczynski/Vivado/RoboZapGame/rtl/vga_files/vga_if.sv:10]
INFO: [Synth 8-6155] done synthesizing module 'vga_if' (7#1) [/home/student/lperczynski/Vivado/RoboZapGame/rtl/vga_files/vga_if.sv:10]
INFO: [Synth 8-6157] synthesizing module 'vga_if' [/home/student/lperczynski/Vivado/RoboZapGame/rtl/vga_files/vga_if.sv:10]
INFO: [Synth 8-6155] done synthesizing module 'vga_if' (7#1) [/home/student/lperczynski/Vivado/RoboZapGame/rtl/vga_files/vga_if.sv:10]
INFO: [Synth 8-6157] synthesizing module 'vga_if' [/home/student/lperczynski/Vivado/RoboZapGame/rtl/vga_files/vga_if.sv:10]
INFO: [Synth 8-6155] done synthesizing module 'vga_if' (7#1) [/home/student/lperczynski/Vivado/RoboZapGame/rtl/vga_files/vga_if.sv:10]
INFO: [Synth 8-6157] synthesizing module 'vga_if' [/home/student/lperczynski/Vivado/RoboZapGame/rtl/vga_files/vga_if.sv:10]
INFO: [Synth 8-6155] done synthesizing module 'vga_if' (7#1) [/home/student/lperczynski/Vivado/RoboZapGame/rtl/vga_files/vga_if.sv:10]
INFO: [Synth 8-6157] synthesizing module 'vga_if' [/home/student/lperczynski/Vivado/RoboZapGame/rtl/vga_files/vga_if.sv:10]
INFO: [Synth 8-6155] done synthesizing module 'vga_if' (7#1) [/home/student/lperczynski/Vivado/RoboZapGame/rtl/vga_files/vga_if.sv:10]
INFO: [Synth 8-6157] synthesizing module 'vga_if' [/home/student/lperczynski/Vivado/RoboZapGame/rtl/vga_files/vga_if.sv:10]
INFO: [Synth 8-6155] done synthesizing module 'vga_if' (7#1) [/home/student/lperczynski/Vivado/RoboZapGame/rtl/vga_files/vga_if.sv:10]
INFO: [Synth 8-6157] synthesizing module 'vga_timing' [/home/student/lperczynski/Vivado/RoboZapGame/rtl/vga_files/vga_timing.sv:13]
WARNING: [Synth 8-3848] Net vga_tim\.rgb in module/entity vga_timing does not have driver. [/home/student/lperczynski/Vivado/RoboZapGame/rtl/vga_files/vga_timing.sv:16]
INFO: [Synth 8-6155] done synthesizing module 'vga_timing' (8#1) [/home/student/lperczynski/Vivado/RoboZapGame/rtl/vga_files/vga_timing.sv:13]
INFO: [Synth 8-6157] synthesizing module 'draw_bg' [/home/student/lperczynski/Vivado/RoboZapGame/rtl/vga_files/draw_bg.sv:13]
INFO: [Synth 8-6155] done synthesizing module 'draw_bg' (9#1) [/home/student/lperczynski/Vivado/RoboZapGame/rtl/vga_files/draw_bg.sv:13]
INFO: [Synth 8-6157] synthesizing module 'draw_stats' [/home/student/lperczynski/Vivado/RoboZapGame/rtl/vga_files/draw_stats.sv:13]
INFO: [Synth 8-6155] done synthesizing module 'draw_stats' (10#1) [/home/student/lperczynski/Vivado/RoboZapGame/rtl/vga_files/draw_stats.sv:13]
INFO: [Synth 8-6157] synthesizing module 'draw_highlight' [/home/student/lperczynski/Vivado/RoboZapGame/rtl/vga_files/draw_highlight.sv:7]
INFO: [Synth 8-6155] done synthesizing module 'draw_highlight' (11#1) [/home/student/lperczynski/Vivado/RoboZapGame/rtl/vga_files/draw_highlight.sv:7]
INFO: [Synth 8-6157] synthesizing module 'draw_lever' [/home/student/lperczynski/Vivado/RoboZapGame/rtl/vga_files/draw_lever.sv:7]
WARNING: [Synth 8-87] always_comb on 'rgb_nxt_reg' did not result in combinational logic [/home/student/lperczynski/Vivado/RoboZapGame/rtl/vga_files/draw_lever.sv:68]
INFO: [Synth 8-6155] done synthesizing module 'draw_lever' (12#1) [/home/student/lperczynski/Vivado/RoboZapGame/rtl/vga_files/draw_lever.sv:7]
INFO: [Synth 8-6157] synthesizing module 'draw_start_bg' [/home/student/lperczynski/Vivado/RoboZapGame/rtl/vga_files/draw_start_bg.sv:3]
INFO: [Synth 8-6155] done synthesizing module 'draw_start_bg' (13#1) [/home/student/lperczynski/Vivado/RoboZapGame/rtl/vga_files/draw_start_bg.sv:3]
INFO: [Synth 8-6155] done synthesizing module 'top_vga' (14#1) [/home/student/lperczynski/Vivado/RoboZapGame/rtl/vga_files/top_vga.sv:17]
INFO: [Synth 8-6157] synthesizing module 'top_uart' [/home/student/lperczynski/Vivado/RoboZapGame/rtl/uart_files/top_uart.sv:3]
INFO: [Synth 8-6157] synthesizing module 'uart' [/home/student/lperczynski/Vivado/RoboZapGame/rtl/uart_files/uart.sv:4]
INFO: [Synth 8-6155] done synthesizing module 'uart' (15#1) [/home/student/lperczynski/Vivado/RoboZapGame/rtl/uart_files/uart.sv:4]
INFO: [Synth 8-6157] synthesizing module 'uart_clock' [/home/student/lperczynski/Vivado/RoboZapGame/rtl/uart_files/uart_clock.sv:3]
INFO: [Synth 8-6155] done synthesizing module 'uart_clock' (16#1) [/home/student/lperczynski/Vivado/RoboZapGame/rtl/uart_files/uart_clock.sv:3]
INFO: [Synth 8-6157] synthesizing module 'uart_rx' [/home/student/lperczynski/Vivado/RoboZapGame/rtl/uart_files/uart_rx.sv:3]
INFO: [Synth 8-6155] done synthesizing module 'uart_rx' (17#1) [/home/student/lperczynski/Vivado/RoboZapGame/rtl/uart_files/uart_rx.sv:3]
INFO: [Synth 8-6157] synthesizing module 'uart_tx' [/home/student/lperczynski/Vivado/RoboZapGame/rtl/uart_files/uart_tx.sv:2]
INFO: [Synth 8-6155] done synthesizing module 'uart_tx' (18#1) [/home/student/lperczynski/Vivado/RoboZapGame/rtl/uart_files/uart_tx.sv:2]
INFO: [Synth 8-6155] done synthesizing module 'top_uart' (19#1) [/home/student/lperczynski/Vivado/RoboZapGame/rtl/uart_files/top_uart.sv:3]
INFO: [Synth 8-6157] synthesizing module 'top_logic' [/home/student/lperczynski/Vivado/RoboZapGame/rtl/logic/top_logic.sv:10]
INFO: [Synth 8-6157] synthesizing module 'game_state' [/home/student/lperczynski/Vivado/RoboZapGame/rtl/logic/game_state.sv:13]
INFO: [Synth 8-155] case statement is not full and has no default [/home/student/lperczynski/Vivado/RoboZapGame/rtl/logic/game_state.sv:81]
INFO: [Synth 8-6155] done synthesizing module 'game_state' (20#1) [/home/student/lperczynski/Vivado/RoboZapGame/rtl/logic/game_state.sv:13]
INFO: [Synth 8-6157] synthesizing module 'lever_select' [/home/student/lperczynski/Vivado/RoboZapGame/rtl/logic/lever_select.sv:3]
INFO: [Synth 8-155] case statement is not full and has no default [/home/student/lperczynski/Vivado/RoboZapGame/rtl/logic/lever_select.sv:55]
INFO: [Synth 8-6155] done synthesizing module 'lever_select' (21#1) [/home/student/lperczynski/Vivado/RoboZapGame/rtl/logic/lever_select.sv:3]
INFO: [Synth 8-6157] synthesizing module 'table_base' [/home/student/lperczynski/Vivado/RoboZapGame/rtl/logic/table_base.sv:3]
INFO: [Synth 8-226] default block is never used [/home/student/lperczynski/Vivado/RoboZapGame/rtl/logic/table_base.sv:12]
INFO: [Synth 8-6155] done synthesizing module 'table_base' (22#1) [/home/student/lperczynski/Vivado/RoboZapGame/rtl/logic/table_base.sv:3]
INFO: [Synth 8-6155] done synthesizing module 'top_logic' (23#1) [/home/student/lperczynski/Vivado/RoboZapGame/rtl/logic/top_logic.sv:10]
INFO: [Synth 8-6155] done synthesizing module 'top_vga_basys3' (24#1) [/home/student/lperczynski/Vivado/RoboZapGame/fpga/rtl/top_vga_basys3.sv:17]
WARNING: [Synth 8-7129] Port who_won[1] in module draw_start_bg is either unconnected or has no load
WARNING: [Synth 8-7129] Port who_won[0] in module draw_start_bg is either unconnected or has no load
WARNING: [Synth 8-7129] Port vga_bg_in\.rgb[11] in module draw_bg is either unconnected or has no load
WARNING: [Synth 8-7129] Port vga_bg_in\.rgb[10] in module draw_bg is either unconnected or has no load
WARNING: [Synth 8-7129] Port vga_bg_in\.rgb[9] in module draw_bg is either unconnected or has no load
WARNING: [Synth 8-7129] Port vga_bg_in\.rgb[8] in module draw_bg is either unconnected or has no load
WARNING: [Synth 8-7129] Port vga_bg_in\.rgb[7] in module draw_bg is either unconnected or has no load
WARNING: [Synth 8-7129] Port vga_bg_in\.rgb[6] in module draw_bg is either unconnected or has no load
WARNING: [Synth 8-7129] Port vga_bg_in\.rgb[5] in module draw_bg is either unconnected or has no load
WARNING: [Synth 8-7129] Port vga_bg_in\.rgb[4] in module draw_bg is either unconnected or has no load
WARNING: [Synth 8-7129] Port vga_bg_in\.rgb[3] in module draw_bg is either unconnected or has no load
WARNING: [Synth 8-7129] Port vga_bg_in\.rgb[2] in module draw_bg is either unconnected or has no load
WARNING: [Synth 8-7129] Port vga_bg_in\.rgb[1] in module draw_bg is either unconnected or has no load
WARNING: [Synth 8-7129] Port vga_bg_in\.rgb[0] in module draw_bg is either unconnected or has no load
WARNING: [Synth 8-7129] Port vga_tim\.rgb[11] in module vga_timing is either unconnected or has no load
WARNING: [Synth 8-7129] Port vga_tim\.rgb[10] in module vga_timing is either unconnected or has no load
WARNING: [Synth 8-7129] Port vga_tim\.rgb[9] in module vga_timing is either unconnected or has no load
WARNING: [Synth 8-7129] Port vga_tim\.rgb[8] in module vga_timing is either unconnected or has no load
WARNING: [Synth 8-7129] Port vga_tim\.rgb[7] in module vga_timing is either unconnected or has no load
WARNING: [Synth 8-7129] Port vga_tim\.rgb[6] in module vga_timing is either unconnected or has no load
WARNING: [Synth 8-7129] Port vga_tim\.rgb[5] in module vga_timing is either unconnected or has no load
WARNING: [Synth 8-7129] Port vga_tim\.rgb[4] in module vga_timing is either unconnected or has no load
WARNING: [Synth 8-7129] Port vga_tim\.rgb[3] in module vga_timing is either unconnected or has no load
WARNING: [Synth 8-7129] Port vga_tim\.rgb[2] in module vga_timing is either unconnected or has no load
WARNING: [Synth 8-7129] Port vga_tim\.rgb[1] in module vga_timing is either unconnected or has no load
WARNING: [Synth 8-7129] Port vga_tim\.rgb[0] in module vga_timing is either unconnected or has no load
---------------------------------------------------------------------------------
Finished RTL Elaboration : Time (s): cpu = 00:00:04 ; elapsed = 00:00:05 . Memory (MB): peak = 2717.812 ; gain = 0.000 ; free physical = 3143 ; free virtual = 14128
---------------------------------------------------------------------------------
---------------------------------------------------------------------------------
Start Handling Custom Attributes
---------------------------------------------------------------------------------
---------------------------------------------------------------------------------
Finished Handling Custom Attributes : Time (s): cpu = 00:00:05 ; elapsed = 00:00:06 . Memory (MB): peak = 2717.812 ; gain = 0.000 ; free physical = 3207 ; free virtual = 14192
---------------------------------------------------------------------------------
---------------------------------------------------------------------------------
Finished RTL Optimization Phase 1 : Time (s): cpu = 00:00:05 ; elapsed = 00:00:06 . Memory (MB): peak = 2717.812 ; gain = 0.000 ; free physical = 3207 ; free virtual = 14192
---------------------------------------------------------------------------------
Netlist sorting complete. Time (s): cpu = 00:00:00.01 ; elapsed = 00:00:00.01 . Memory (MB): peak = 2717.812 ; gain = 0.000 ; free physical = 3198 ; free virtual = 14182
WARNING: [Netlist 29-345] The value of SIM_DEVICE on instance 'u_clk_wiz_0_clk_wiz/clkout1_buf' of type 'BUFGCE' is 'ULTRASCALE'; it is being changed to match the current FPGA architecture, '7SERIES'. For functional simulation to match hardware behavior, the value of SIM_DEVICE should be changed in the source netlist. 
WARNING: [Netlist 29-345] The value of SIM_DEVICE on instance 'u_clk_wiz_0_clk_wiz/clkout2_buf' of type 'BUFGCE' is 'ULTRASCALE'; it is being changed to match the current FPGA architecture, '7SERIES'. For functional simulation to match hardware behavior, the value of SIM_DEVICE should be changed in the source netlist. 
INFO: [Netlist 29-17] Analyzing 4 Unisim elements for replacement
INFO: [Netlist 29-28] Unisim Transformation completed in 0 CPU seconds
INFO: [Project 1-570] Preparing netlist for logic optimization

Processing XDC Constraints
Initializing timing engine
Parsing XDC File [/home/student/lperczynski/Vivado/RoboZapGame/fpga/constraints/top_vga_basys3.xdc]
Finished Parsing XDC File [/home/student/lperczynski/Vivado/RoboZapGame/fpga/constraints/top_vga_basys3.xdc]
INFO: [Project 1-236] Implementation specific constraints were found while reading constraint file [/home/student/lperczynski/Vivado/RoboZapGame/fpga/constraints/top_vga_basys3.xdc]. These constraints will be ignored for synthesis but will be used in implementation. Impacted constraints are listed in the file [.Xil/top_vga_basys3_propImpl.xdc].
Resolution: To avoid this warning, move constraints listed in [.Xil/top_vga_basys3_propImpl.xdc] to another XDC file and exclude this new file from synthesis with the used_in_synthesis property (File Properties dialog in GUI) and re-run elaboration/synthesis.
INFO: [Timing 38-2] Deriving generated clocks
Completed Processing XDC Constraints

Netlist sorting complete. Time (s): cpu = 00:00:00 ; elapsed = 00:00:00 . Memory (MB): peak = 2781.723 ; gain = 0.000 ; free physical = 3031 ; free virtual = 14015
INFO: [Project 1-111] Unisim Transformation Summary:
  A total of 2 instances were transformed.
  BUFGCE => BUFGCTRL: 2 instances

Constraint Validation Runtime : Time (s): cpu = 00:00:00.01 ; elapsed = 00:00:00.01 . Memory (MB): peak = 2781.723 ; gain = 0.000 ; free physical = 3031 ; free virtual = 14016
---------------------------------------------------------------------------------
Finished Constraint Validation : Time (s): cpu = 00:00:10 ; elapsed = 00:00:12 . Memory (MB): peak = 2781.723 ; gain = 63.910 ; free physical = 3174 ; free virtual = 14159
---------------------------------------------------------------------------------
---------------------------------------------------------------------------------
Start Loading Part and Timing Information
---------------------------------------------------------------------------------
Loading part: xc7a35tcpg236-1
---------------------------------------------------------------------------------
Finished Loading Part and Timing Information : Time (s): cpu = 00:00:10 ; elapsed = 00:00:12 . Memory (MB): peak = 2781.723 ; gain = 63.910 ; free physical = 3174 ; free virtual = 14159
---------------------------------------------------------------------------------
---------------------------------------------------------------------------------
Start Applying 'set_property' XDC Constraints
---------------------------------------------------------------------------------
---------------------------------------------------------------------------------
Finished applying 'set_property' XDC Constraints : Time (s): cpu = 00:00:10 ; elapsed = 00:00:12 . Memory (MB): peak = 2781.723 ; gain = 63.910 ; free physical = 3173 ; free virtual = 14159
---------------------------------------------------------------------------------
INFO: [Synth 8-802] inferred FSM for state register 'state_reg_reg' in module 'uart_rx'
INFO: [Synth 8-802] inferred FSM for state register 'state_reg_reg' in module 'uart_tx'
INFO: [Synth 8-802] inferred FSM for state register 'state_current_reg' in module 'game_state'
INFO: [Synth 8-802] inferred FSM for state register 'state_current_reg' in module 'lever_select'
WARNING: [Synth 8-327] inferring latch for variable 'rgb_nxt_reg' [/home/student/lperczynski/Vivado/RoboZapGame/rtl/vga_files/draw_lever.sv:68]
---------------------------------------------------------------------------------------------------
                   State |                     New Encoding |                Previous Encoding 
---------------------------------------------------------------------------------------------------
                    idle |                               00 |                               00
                   start |                               01 |                               01
                    data |                               10 |                               10
                    stop |                               11 |                               11
---------------------------------------------------------------------------------------------------
INFO: [Synth 8-3354] encoded FSM with state register 'state_reg_reg' using encoding 'sequential' in module 'uart_rx'
WARNING: [Synth 8-327] inferring latch for variable 'rx_done_tick_next_reg' [/home/student/lperczynski/Vivado/RoboZapGame/rtl/uart_files/uart_rx.sv:63]
---------------------------------------------------------------------------------------------------
                   State |                     New Encoding |                Previous Encoding 
---------------------------------------------------------------------------------------------------
                    idle |                               00 |                               00
                   start |                               01 |                               01
                    data |                               10 |                               10
                    stop |                               11 |                               11
---------------------------------------------------------------------------------------------------
INFO: [Synth 8-3354] encoded FSM with state register 'state_reg_reg' using encoding 'sequential' in module 'uart_tx'
WARNING: [Synth 8-327] inferring latch for variable 'FSM_sequential_state_next_reg' [/home/student/lperczynski/Vivado/RoboZapGame/rtl/logic/game_state.sv:86]
WARNING: [Synth 8-327] inferring latch for variable 'FSM_onehot_state_next_reg' [/home/student/lperczynski/Vivado/RoboZapGame/rtl/logic/game_state.sv:86]
---------------------------------------------------------------------------------------------------
                   State |                     New Encoding |                Previous Encoding 
---------------------------------------------------------------------------------------------------
                    init |                              000 |                              000
                    menu |                              001 |                              001
                 player0 |                              010 |                              011
                 player1 |                              011 |                              010
                 gameend |                              100 |                              110
                 newgame |                              101 |                              100
---------------------------------------------------------------------------------------------------
INFO: [Synth 8-3354] encoded FSM with state register 'state_current_reg' using encoding 'sequential' in module 'game_state'
WARNING: [Synth 8-327] inferring latch for variable 'FSM_sequential_state_next_reg' [/home/student/lperczynski/Vivado/RoboZapGame/rtl/logic/game_state.sv:86]
WARNING: [Synth 8-327] inferring latch for variable 'who_won_reg' [/home/student/lperczynski/Vivado/RoboZapGame/rtl/logic/game_state.sv:295]
WARNING: [Synth 8-327] inferring latch for variable 'lever_used_out_reg' [/home/student/lperczynski/Vivado/RoboZapGame/rtl/logic/game_state.sv:100]
WARNING: [Synth 8-327] inferring latch for variable 'uart_state_next_reg' [/home/student/lperczynski/Vivado/RoboZapGame/rtl/logic/game_state.sv:88]
WARNING: [Synth 8-327] inferring latch for variable 'tablecode_next_reg' [/home/student/lperczynski/Vivado/RoboZapGame/rtl/logic/game_state.sv:131]
WARNING: [Synth 8-327] inferring latch for variable 'current_player_next_reg' [/home/student/lperczynski/Vivado/RoboZapGame/rtl/logic/game_state.sv:87]
WARNING: [Synth 8-327] inferring latch for variable 'turn_reg' [/home/student/lperczynski/Vivado/RoboZapGame/rtl/logic/game_state.sv:147]
WARNING: [Synth 8-327] inferring latch for variable 'player1_health_reg' [/home/student/lperczynski/Vivado/RoboZapGame/rtl/logic/game_state.sv:137]
WARNING: [Synth 8-327] inferring latch for variable 'player0_health_reg' [/home/student/lperczynski/Vivado/RoboZapGame/rtl/logic/game_state.sv:137]
WARNING: [Synth 8-327] inferring latch for variable 'tableselected_reg' [/home/student/lperczynski/Vivado/RoboZapGame/rtl/logic/game_state.sv:98]
WARNING: [Synth 8-327] inferring latch for variable 'target_reg' [/home/student/lperczynski/Vivado/RoboZapGame/rtl/logic/lever_select.sv:94]
WARNING: [Synth 8-327] inferring latch for variable 'FSM_sequential_state_next_reg' [/home/student/lperczynski/Vivado/RoboZapGame/rtl/logic/lever_select.sv:60]
WARNING: [Synth 8-327] inferring latch for variable 'FSM_onehot_state_next_reg' [/home/student/lperczynski/Vivado/RoboZapGame/rtl/logic/lever_select.sv:60]
---------------------------------------------------------------------------------------------------
                   State |                     New Encoding |                Previous Encoding 
---------------------------------------------------------------------------------------------------
                    idle |                              000 |                              000
                   right |                              001 |                              010
                    left |                              010 |                              001
                      up |                              011 |                              100
                    down |                              100 |                              101
                  locked |                              101 |                              011
---------------------------------------------------------------------------------------------------
INFO: [Synth 8-3354] encoded FSM with state register 'state_current_reg' using encoding 'sequential' in module 'lever_select'
WARNING: [Synth 8-327] inferring latch for variable 'FSM_sequential_state_next_reg' [/home/student/lperczynski/Vivado/RoboZapGame/rtl/logic/lever_select.sv:60]
WARNING: [Synth 8-327] inferring latch for variable 'position_reg' [/home/student/lperczynski/Vivado/RoboZapGame/rtl/logic/lever_select.sv:83]
WARNING: [Synth 8-327] inferring latch for variable 'lever_lethality_reg' [/home/student/lperczynski/Vivado/RoboZapGame/rtl/logic/lever_select.sv:93]
WARNING: [Synth 8-327] inferring latch for variable 'turn_done_flag_reg' [/home/student/lperczynski/Vivado/RoboZapGame/rtl/logic/lever_select.sv:96]
---------------------------------------------------------------------------------
Finished RTL Optimization Phase 2 : Time (s): cpu = 00:00:11 ; elapsed = 00:00:13 . Memory (MB): peak = 2781.723 ; gain = 63.910 ; free physical = 3182 ; free virtual = 14168
---------------------------------------------------------------------------------
---------------------------------------------------------------------------------
Start RTL Component Statistics 
---------------------------------------------------------------------------------
Detailed RTL Component Info : 
+---Adders : 
	   2 Input   32 Bit       Adders := 1     
	   2 Input   11 Bit       Adders := 2     
	   2 Input    4 Bit       Adders := 2     
	   2 Input    3 Bit       Adders := 6     
	   2 Input    2 Bit       Adders := 4     
+---XORs : 
	                8 Bit    Wide XORs := 1     
+---Registers : 
	               32 Bit    Registers := 1     
	               12 Bit    Registers := 5     
	               11 Bit    Registers := 12    
	                8 Bit    Registers := 5     
	                4 Bit    Registers := 2     
	                3 Bit    Registers := 3     
	                2 Bit    Registers := 2     
	                1 Bit    Registers := 31    
+---Muxes : 
	   2 Input   32 Bit        Muxes := 1     
	   2 Input   12 Bit        Muxes := 17    
	   3 Input   12 Bit        Muxes := 8     
	   4 Input   12 Bit        Muxes := 1     
	   2 Input   11 Bit        Muxes := 16    
	   3 Input   11 Bit        Muxes := 4     
	   6 Input   11 Bit        Muxes := 1     
	   5 Input   10 Bit        Muxes := 1     
	   3 Input    9 Bit        Muxes := 1     
	   4 Input    8 Bit        Muxes := 1     
	   2 Input    8 Bit        Muxes := 8     
	   3 Input    8 Bit        Muxes := 1     
	   6 Input    8 Bit        Muxes := 4     
	   8 Input    8 Bit        Muxes := 1     
	   2 Input    4 Bit        Muxes := 4     
	   4 Input    4 Bit        Muxes := 2     
	   4 Input    3 Bit        Muxes := 2     
	   2 Input    3 Bit        Muxes := 20    
	   6 Input    3 Bit        Muxes := 6     
	  13 Input    3 Bit        Muxes := 1     
	   2 Input    2 Bit        Muxes := 14    
	   4 Input    2 Bit        Muxes := 2     
	   6 Input    2 Bit        Muxes := 2     
	   2 Input    1 Bit        Muxes := 28    
	   4 Input    1 Bit        Muxes := 12    
	   6 Input    1 Bit        Muxes := 17    
---------------------------------------------------------------------------------
Finished RTL Component Statistics 
---------------------------------------------------------------------------------
---------------------------------------------------------------------------------
Start Part Resource Summary
---------------------------------------------------------------------------------
Part Resources:
DSPs: 90 (col length:60)
BRAMs: 100 (col length: RAMB18 60 RAMB36 30)
---------------------------------------------------------------------------------
Finished Part Resource Summary
---------------------------------------------------------------------------------
---------------------------------------------------------------------------------
Start Cross Boundary and Area Optimization
---------------------------------------------------------------------------------
WARNING: [Synth 8-7080] Parallel synthesis criteria is not met
WARNING: [Synth 8-7129] Port who_won[1] in module draw_start_bg is either unconnected or has no load
WARNING: [Synth 8-7129] Port who_won[0] in module draw_start_bg is either unconnected or has no load
WARNING: [Synth 8-7129] Port vga_bg_in\.rgb[11] in module draw_bg is either unconnected or has no load
WARNING: [Synth 8-7129] Port vga_bg_in\.rgb[10] in module draw_bg is either unconnected or has no load
WARNING: [Synth 8-7129] Port vga_bg_in\.rgb[9] in module draw_bg is either unconnected or has no load
WARNING: [Synth 8-7129] Port vga_bg_in\.rgb[8] in module draw_bg is either unconnected or has no load
WARNING: [Synth 8-7129] Port vga_bg_in\.rgb[7] in module draw_bg is either unconnected or has no load
WARNING: [Synth 8-7129] Port vga_bg_in\.rgb[6] in module draw_bg is either unconnected or has no load
WARNING: [Synth 8-7129] Port vga_bg_in\.rgb[5] in module draw_bg is either unconnected or has no load
WARNING: [Synth 8-7129] Port vga_bg_in\.rgb[4] in module draw_bg is either unconnected or has no load
WARNING: [Synth 8-7129] Port vga_bg_in\.rgb[3] in module draw_bg is either unconnected or has no load
WARNING: [Synth 8-7129] Port vga_bg_in\.rgb[2] in module draw_bg is either unconnected or has no load
WARNING: [Synth 8-7129] Port vga_bg_in\.rgb[1] in module draw_bg is either unconnected or has no load
WARNING: [Synth 8-7129] Port vga_bg_in\.rgb[0] in module draw_bg is either unconnected or has no load
WARNING: [Synth 8-7129] Port vga_tim\.rgb[11] in module vga_timing is either unconnected or has no load
WARNING: [Synth 8-7129] Port vga_tim\.rgb[10] in module vga_timing is either unconnected or has no load
WARNING: [Synth 8-7129] Port vga_tim\.rgb[9] in module vga_timing is either unconnected or has no load
WARNING: [Synth 8-7129] Port vga_tim\.rgb[8] in module vga_timing is either unconnected or has no load
WARNING: [Synth 8-7129] Port vga_tim\.rgb[7] in module vga_timing is either unconnected or has no load
WARNING: [Synth 8-7129] Port vga_tim\.rgb[6] in module vga_timing is either unconnected or has no load
WARNING: [Synth 8-7129] Port vga_tim\.rgb[5] in module vga_timing is either unconnected or has no load
WARNING: [Synth 8-7129] Port vga_tim\.rgb[4] in module vga_timing is either unconnected or has no load
WARNING: [Synth 8-7129] Port vga_tim\.rgb[3] in module vga_timing is either unconnected or has no load
WARNING: [Synth 8-7129] Port vga_tim\.rgb[2] in module vga_timing is either unconnected or has no load
WARNING: [Synth 8-7129] Port vga_tim\.rgb[1] in module vga_timing is either unconnected or has no load
WARNING: [Synth 8-7129] Port vga_tim\.rgb[0] in module vga_timing is either unconnected or has no load
WARNING: [Synth 8-3332] Sequential element (u_top_uart/u_uart_rx/rx_done_tick_next_reg) is unused and will be removed from module top_vga_basys3.
WARNING: [Synth 8-3332] Sequential element (u_top_logic/u_game_state/who_won_reg[1]) is unused and will be removed from module top_vga_basys3.
WARNING: [Synth 8-3332] Sequential element (u_top_logic/u_game_state/who_won_reg[0]) is unused and will be removed from module top_vga_basys3.
---------------------------------------------------------------------------------
Finished Cross Boundary and Area Optimization : Time (s): cpu = 00:00:15 ; elapsed = 00:00:18 . Memory (MB): peak = 2781.723 ; gain = 63.910 ; free physical = 3169 ; free virtual = 14162
---------------------------------------------------------------------------------
---------------------------------------------------------------------------------
Start Applying XDC Timing Constraints
---------------------------------------------------------------------------------
---------------------------------------------------------------------------------
Finished Applying XDC Timing Constraints : Time (s): cpu = 00:00:20 ; elapsed = 00:00:23 . Memory (MB): peak = 2781.723 ; gain = 63.910 ; free physical = 3017 ; free virtual = 14010
---------------------------------------------------------------------------------
---------------------------------------------------------------------------------
Start Timing Optimization
---------------------------------------------------------------------------------
---------------------------------------------------------------------------------
Finished Timing Optimization : Time (s): cpu = 00:00:22 ; elapsed = 00:00:25 . Memory (MB): peak = 2781.723 ; gain = 63.910 ; free physical = 2876 ; free virtual = 13872
---------------------------------------------------------------------------------
---------------------------------------------------------------------------------
Start Technology Mapping
---------------------------------------------------------------------------------
---------------------------------------------------------------------------------
Finished Technology Mapping : Time (s): cpu = 00:00:23 ; elapsed = 00:00:25 . Memory (MB): peak = 2781.723 ; gain = 63.910 ; free physical = 2815 ; free virtual = 13812
---------------------------------------------------------------------------------
---------------------------------------------------------------------------------
Start IO Insertion
---------------------------------------------------------------------------------
---------------------------------------------------------------------------------
Start Flattening Before IO Insertion
---------------------------------------------------------------------------------
---------------------------------------------------------------------------------
Finished Flattening Before IO Insertion
---------------------------------------------------------------------------------
---------------------------------------------------------------------------------
Start Final Netlist Cleanup
---------------------------------------------------------------------------------
---------------------------------------------------------------------------------
Finished Final Netlist Cleanup
---------------------------------------------------------------------------------
---------------------------------------------------------------------------------
Finished IO Insertion : Time (s): cpu = 00:00:26 ; elapsed = 00:00:29 . Memory (MB): peak = 2781.723 ; gain = 63.910 ; free physical = 3000 ; free virtual = 13997
---------------------------------------------------------------------------------
---------------------------------------------------------------------------------
Start Renaming Generated Instances
---------------------------------------------------------------------------------
---------------------------------------------------------------------------------
Finished Renaming Generated Instances : Time (s): cpu = 00:00:26 ; elapsed = 00:00:29 . Memory (MB): peak = 2781.723 ; gain = 63.910 ; free physical = 2999 ; free virtual = 13996
---------------------------------------------------------------------------------
---------------------------------------------------------------------------------
Start Rebuilding User Hierarchy
---------------------------------------------------------------------------------
---------------------------------------------------------------------------------
Finished Rebuilding User Hierarchy : Time (s): cpu = 00:00:26 ; elapsed = 00:00:29 . Memory (MB): peak = 2781.723 ; gain = 63.910 ; free physical = 2998 ; free virtual = 13995
---------------------------------------------------------------------------------
---------------------------------------------------------------------------------
Start Renaming Generated Ports
---------------------------------------------------------------------------------
---------------------------------------------------------------------------------
Finished Renaming Generated Ports : Time (s): cpu = 00:00:26 ; elapsed = 00:00:29 . Memory (MB): peak = 2781.723 ; gain = 63.910 ; free physical = 2998 ; free virtual = 13995
---------------------------------------------------------------------------------
---------------------------------------------------------------------------------
Start Handling Custom Attributes
---------------------------------------------------------------------------------
---------------------------------------------------------------------------------
Finished Handling Custom Attributes : Time (s): cpu = 00:00:26 ; elapsed = 00:00:29 . Memory (MB): peak = 2781.723 ; gain = 63.910 ; free physical = 2997 ; free virtual = 13994
---------------------------------------------------------------------------------
---------------------------------------------------------------------------------
Start Renaming Generated Nets
---------------------------------------------------------------------------------
---------------------------------------------------------------------------------
Finished Renaming Generated Nets : Time (s): cpu = 00:00:26 ; elapsed = 00:00:29 . Memory (MB): peak = 2781.723 ; gain = 63.910 ; free physical = 2997 ; free virtual = 13994
---------------------------------------------------------------------------------
---------------------------------------------------------------------------------
Start ROM, RAM, DSP, Shift Register and Retiming Reporting
---------------------------------------------------------------------------------

Static Shift Register Report:
+---------------+-------------------------------------------------------+--------+-------+--------------+--------------------+-------------------+--------+---------+
|Module Name    | RTL Name                                              | Length | Width | Reset Signal | Pull out first Reg | Pull out last Reg | SRL16E | SRLC32E | 
+---------------+-------------------------------------------------------+--------+-------+--------------+--------------------+-------------------+--------+---------+
|top_vga_basys3 | u_top_vga/u_draw_lever/vga_lever_out\.vblnk_reg       | 4      | 1     | YES          | NO                 | YES               | 1      | 0       | 
|top_vga_basys3 | u_top_vga/u_draw_lever/vga_lever_out\.hblnk_reg       | 4      | 1     | YES          | NO                 | YES               | 1      | 0       | 
|top_vga_basys3 | u_top_vga/u_draw_start_bg/vga_start_bg_out\.vsync_reg | 6      | 1     | YES          | NO                 | YES               | 1      | 0       | 
|top_vga_basys3 | u_top_vga/u_draw_start_bg/vga_start_bg_out\.hsync_reg | 6      | 1     | YES          | NO                 | YES               | 1      | 0       | 
+---------------+-------------------------------------------------------+--------+-------+--------------+--------------------+-------------------+--------+---------+

---------------------------------------------------------------------------------
Finished ROM, RAM, DSP, Shift Register and Retiming Reporting
---------------------------------------------------------------------------------
---------------------------------------------------------------------------------
Start Writing Synthesis Report
---------------------------------------------------------------------------------

Report BlackBoxes: 
+-+--------------+----------+
| |BlackBox name |Instances |
+-+--------------+----------+
+-+--------------+----------+

Report Cell Usage: 
+------+-----------+------+
|      |Cell       |Count |
+------+-----------+------+
|1     |BUFG       |     1|
|2     |BUFGCE     |     2|
|3     |BUFH       |     2|
|4     |CARRY4     |    15|
|5     |LUT1       |    12|
|6     |LUT2       |    44|
|7     |LUT3       |    65|
|8     |LUT4       |    61|
|9     |LUT5       |   148|
|10    |LUT6       |   232|
|11    |MMCME2_ADV |     1|
|12    |ODDR       |     1|
|13    |SRL16E     |     4|
|14    |FDCE       |    52|
|15    |FDPE       |     1|
|16    |FDRE       |   231|
|17    |FDSE       |     3|
|18    |LD         |    42|
|19    |LDC        |     3|
|20    |LDP        |     1|
|21    |IBUF       |     8|
|22    |OBUF       |    17|
+------+-----------+------+
---------------------------------------------------------------------------------
Finished Writing Synthesis Report : Time (s): cpu = 00:00:26 ; elapsed = 00:00:29 . Memory (MB): peak = 2781.723 ; gain = 63.910 ; free physical = 2996 ; free virtual = 13993
---------------------------------------------------------------------------------
Synthesis finished with 0 errors, 0 critical warnings and 51 warnings.
Synthesis Optimization Runtime : Time (s): cpu = 00:00:24 ; elapsed = 00:00:27 . Memory (MB): peak = 2781.723 ; gain = 0.000 ; free physical = 3047 ; free virtual = 14044
Synthesis Optimization Complete : Time (s): cpu = 00:00:26 ; elapsed = 00:00:29 . Memory (MB): peak = 2781.723 ; gain = 63.910 ; free physical = 3046 ; free virtual = 14044
INFO: [Project 1-571] Translating synthesized netlist
Netlist sorting complete. Time (s): cpu = 00:00:00.01 ; elapsed = 00:00:00.01 . Memory (MB): peak = 2781.723 ; gain = 0.000 ; free physical = 3135 ; free virtual = 14133
WARNING: [Netlist 29-345] The value of SIM_DEVICE on instance 'u_clk_wiz_0_clk_wiz/clkout1_buf' of type 'BUFGCE' is 'ULTRASCALE'; it is being changed to match the current FPGA architecture, '7SERIES'. For functional simulation to match hardware behavior, the value of SIM_DEVICE should be changed in the source netlist. 
WARNING: [Netlist 29-345] The value of SIM_DEVICE on instance 'u_clk_wiz_0_clk_wiz/clkout2_buf' of type 'BUFGCE' is 'ULTRASCALE'; it is being changed to match the current FPGA architecture, '7SERIES'. For functional simulation to match hardware behavior, the value of SIM_DEVICE should be changed in the source netlist. 
INFO: [Netlist 29-17] Analyzing 65 Unisim elements for replacement
INFO: [Netlist 29-28] Unisim Transformation completed in 0 CPU seconds
INFO: [Project 1-570] Preparing netlist for logic optimization
INFO: [Opt 31-138] Pushed 0 inverter(s) to 0 load pin(s).
Netlist sorting complete. Time (s): cpu = 00:00:00 ; elapsed = 00:00:00 . Memory (MB): peak = 2781.723 ; gain = 0.000 ; free physical = 3050 ; free virtual = 14047
INFO: [Project 1-111] Unisim Transformation Summary:
  A total of 48 instances were transformed.
  BUFGCE => BUFGCTRL: 2 instances
  LD => LDCE: 42 instances
  LDC => LDCE: 3 instances
  LDP => LDPE: 1 instance 

Synth Design complete, checksum: 205fd9aa
INFO: [Common 17-83] Releasing license: Synthesis
89 Infos, 83 Warnings, 0 Critical Warnings and 0 Errors encountered.
synth_design completed successfully
synth_design: Time (s): cpu = 00:00:34 ; elapsed = 00:00:33 . Memory (MB): peak = 2781.723 ; gain = 64.031 ; free physical = 3255 ; free virtual = 14252
INFO: [Common 17-1381] The checkpoint '/home/student/lperczynski/Vivado/RoboZapGame/fpga/build/vga_project.runs/synth_1/top_vga_basys3.dcp' has been generated.
INFO: [runtcl-4] Executing : report_utilization -file top_vga_basys3_utilization_synth.rpt -pb top_vga_basys3_utilization_synth.pb
INFO: [Common 17-206] Exiting Vivado at Sat Aug 24 13:51:15 2024...
[Sat Aug 24 13:51:25 2024] synth_1 finished
wait_on_runs: Time (s): cpu = 00:00:49 ; elapsed = 00:00:57 . Memory (MB): peak = 2716.812 ; gain = 0.000 ; free physical = 3818 ; free virtual = 14805
[Sat Aug 24 13:51:25 2024] Launched impl_1...
Run output will be captured here: /home/student/lperczynski/Vivado/RoboZapGame/fpga/build/vga_project.runs/impl_1/runme.log
[Sat Aug 24 13:51:25 2024] Waiting for impl_1 to finish...

*** Running vivado
    with args -log top_vga_basys3.vdi -applog -m64 -product Vivado -messageDb vivado.pb -mode batch -source top_vga_basys3.tcl -notrace


****** Vivado v2021.2 (64-bit)
  **** SW Build 3367213 on Tue Oct 19 02:47:39 MDT 2021
  **** IP Build 3369179 on Thu Oct 21 08:25:16 MDT 2021
    ** Copyright 1986-2021 Xilinx, Inc. All Rights Reserved.

source top_vga_basys3.tcl -notrace
Command: link_design -top top_vga_basys3 -part xc7a35tcpg236-1
Design is defaulting to srcset: sources_1
Design is defaulting to constrset: constrs_1
INFO: [Device 21-403] Loading part xc7a35tcpg236-1
Netlist sorting complete. Time (s): cpu = 00:00:00 ; elapsed = 00:00:00 . Memory (MB): peak = 2708.910 ; gain = 0.000 ; free physical = 2878 ; free virtual = 13863
INFO: [Netlist 29-17] Analyzing 17 Unisim elements for replacement
INFO: [Netlist 29-28] Unisim Transformation completed in 0 CPU seconds
INFO: [Project 1-479] Netlist was created with Vivado 2021.2
INFO: [Project 1-570] Preparing netlist for logic optimization
Parsing XDC File [/home/student/lperczynski/Vivado/RoboZapGame/fpga/constraints/top_vga_basys3.xdc]
Finished Parsing XDC File [/home/student/lperczynski/Vivado/RoboZapGame/fpga/constraints/top_vga_basys3.xdc]
INFO: [Opt 31-138] Pushed 0 inverter(s) to 0 load pin(s).
Netlist sorting complete. Time (s): cpu = 00:00:00 ; elapsed = 00:00:00 . Memory (MB): peak = 2764.820 ; gain = 0.000 ; free physical = 2742 ; free virtual = 13728
INFO: [Project 1-111] Unisim Transformation Summary:
No Unisim elements were transformed.

7 Infos, 0 Warnings, 0 Critical Warnings and 0 Errors encountered.
link_design completed successfully
link_design: Time (s): cpu = 00:00:04 ; elapsed = 00:00:05 . Memory (MB): peak = 2764.820 ; gain = 56.027 ; free physical = 2741 ; free virtual = 13726
Command: opt_design
Attempting to get a license for feature 'Implementation' and/or device 'xc7a35t'
INFO: [Common 17-349] Got license for feature 'Implementation' and/or device 'xc7a35t'
Running DRC as a precondition to command opt_design

Starting DRC Task
INFO: [DRC 23-27] Running DRC with 8 threads
INFO: [Project 1-461] DRC finished with 0 Errors
INFO: [Project 1-462] Please refer to the DRC report (report_drc) for more information.

Time (s): cpu = 00:00:01 ; elapsed = 00:00:00.78 . Memory (MB): peak = 2828.848 ; gain = 64.027 ; free physical = 2719 ; free virtual = 13705

Starting Cache Timing Information Task
INFO: [Timing 38-35] Done setting XDC timing constraints.
INFO: [Timing 38-2] Deriving generated clocks
Ending Cache Timing Information Task | Checksum: 1ea924ea4

Time (s): cpu = 00:00:06 ; elapsed = 00:00:06 . Memory (MB): peak = 2851.660 ; gain = 22.812 ; free physical = 2220 ; free virtual = 13207

Starting Logic Optimization Task

Phase 1 Retarget
INFO: [Opt 31-1287] Pulled Inverter u_top_vga/u_vga_timing/vga_tim\\.vcount[2]_i_1 into driver instance u_top_vga/u_vga_timing/vga_tim\\.vcount[2]_i_2, which resulted in an inversion of 3 pins
INFO: [Opt 31-138] Pushed 0 inverter(s) to 0 load pin(s).
INFO: [Opt 31-49] Retargeted 0 cell(s).
Phase 1 Retarget | Checksum: 17bd3b727

Time (s): cpu = 00:00:00.10 ; elapsed = 00:00:00.07 . Memory (MB): peak = 3091.738 ; gain = 0.004 ; free physical = 1930 ; free virtual = 12917
INFO: [Opt 31-389] Phase Retarget created 0 cells and removed 1 cells
INFO: [Opt 31-1021] In phase Retarget, 1 netlist objects are constrained preventing optimization. Please run opt_design with -debug_log to get more detail. 

Phase 2 Constant propagation
INFO: [Opt 31-138] Pushed 0 inverter(s) to 0 load pin(s).
Phase 2 Constant propagation | Checksum: 17bd3b727

Time (s): cpu = 00:00:00.11 ; elapsed = 00:00:00.08 . Memory (MB): peak = 3091.738 ; gain = 0.004 ; free physical = 1927 ; free virtual = 12914
INFO: [Opt 31-389] Phase Constant propagation created 0 cells and removed 0 cells

Phase 3 Sweep
Phase 3 Sweep | Checksum: 1c669aa55

Time (s): cpu = 00:00:00.13 ; elapsed = 00:00:00.10 . Memory (MB): peak = 3091.738 ; gain = 0.004 ; free physical = 1940 ; free virtual = 12927
INFO: [Opt 31-389] Phase Sweep created 0 cells and removed 1 cells

Phase 4 BUFG optimization
Phase 4 BUFG optimization | Checksum: 19eefaed1

Time (s): cpu = 00:00:00.15 ; elapsed = 00:00:00.12 . Memory (MB): peak = 3091.738 ; gain = 0.004 ; free physical = 1937 ; free virtual = 12924
INFO: [Opt 31-662] Phase BUFG optimization created 0 cells of which 0 are BUFGs and removed 0 cells.

Phase 5 Shift Register Optimization
INFO: [Opt 31-1064] SRL Remap converted 0 SRLs to 0 registers and converted 0 registers of register chains to 0 SRLs
Phase 5 Shift Register Optimization | Checksum: 19eefaed1

Time (s): cpu = 00:00:00.15 ; elapsed = 00:00:00.14 . Memory (MB): peak = 3091.738 ; gain = 0.004 ; free physical = 1933 ; free virtual = 12920
INFO: [Opt 31-389] Phase Shift Register Optimization created 0 cells and removed 0 cells

Phase 6 Post Processing Netlist
Phase 6 Post Processing Netlist | Checksum: 1c669aa55

Time (s): cpu = 00:00:00.15 ; elapsed = 00:00:00.15 . Memory (MB): peak = 3091.738 ; gain = 0.004 ; free physical = 1932 ; free virtual = 12919
INFO: [Opt 31-389] Phase Post Processing Netlist created 0 cells and removed 0 cells
Opt_design Change Summary
=========================


-------------------------------------------------------------------------------------------------------------------------
|  Phase                        |  #Cells created  |  #Cells Removed  |  #Constrained objects preventing optimizations  |
-------------------------------------------------------------------------------------------------------------------------
|  Retarget                     |               0  |               1  |                                              1  |
|  Constant propagation         |               0  |               0  |                                              0  |
|  Sweep                        |               0  |               1  |                                              0  |
|  BUFG optimization            |               0  |               0  |                                              0  |
|  Shift Register Optimization  |               0  |               0  |                                              0  |
|  Post Processing Netlist      |               0  |               0  |                                              0  |
-------------------------------------------------------------------------------------------------------------------------



Starting Connectivity Check Task

Time (s): cpu = 00:00:00.01 ; elapsed = 00:00:00.01 . Memory (MB): peak = 3091.738 ; gain = 0.000 ; free physical = 1928 ; free virtual = 12915
Ending Logic Optimization Task | Checksum: 25ebb4a2d

Time (s): cpu = 00:00:00.17 ; elapsed = 00:00:00.18 . Memory (MB): peak = 3091.738 ; gain = 0.004 ; free physical = 1928 ; free virtual = 12914

Starting Power Optimization Task
INFO: [Pwropt 34-132] Skipping clock gating for clocks with a period < 2.00 ns.
Ending Power Optimization Task | Checksum: 25ebb4a2d

Time (s): cpu = 00:00:00.01 ; elapsed = 00:00:00.01 . Memory (MB): peak = 3091.738 ; gain = 0.000 ; free physical = 1939 ; free virtual = 12926

Starting Final Cleanup Task
Ending Final Cleanup Task | Checksum: 25ebb4a2d

Time (s): cpu = 00:00:00 ; elapsed = 00:00:00 . Memory (MB): peak = 3091.738 ; gain = 0.000 ; free physical = 1939 ; free virtual = 12926

Starting Netlist Obfuscation Task
Netlist sorting complete. Time (s): cpu = 00:00:00 ; elapsed = 00:00:00 . Memory (MB): peak = 3091.738 ; gain = 0.000 ; free physical = 1939 ; free virtual = 12926
Ending Netlist Obfuscation Task | Checksum: 25ebb4a2d

Time (s): cpu = 00:00:00 ; elapsed = 00:00:00 . Memory (MB): peak = 3091.738 ; gain = 0.000 ; free physical = 1939 ; free virtual = 12926
INFO: [Common 17-83] Releasing license: Implementation
27 Infos, 0 Warnings, 0 Critical Warnings and 0 Errors encountered.
opt_design completed successfully
opt_design: Time (s): cpu = 00:00:09 ; elapsed = 00:00:09 . Memory (MB): peak = 3091.738 ; gain = 326.918 ; free physical = 1939 ; free virtual = 12925
INFO: [Timing 38-480] Writing timing data to binary archive.
Writing placer database...
Writing XDEF routing.
Writing XDEF routing logical nets.
Writing XDEF routing special nets.
Write XDEF Complete: Time (s): cpu = 00:00:00.17 ; elapsed = 00:00:00.10 . Memory (MB): peak = 3131.758 ; gain = 0.004 ; free physical = 1933 ; free virtual = 12921
INFO: [Common 17-1381] The checkpoint '/home/student/lperczynski/Vivado/RoboZapGame/fpga/build/vga_project.runs/impl_1/top_vga_basys3_opt.dcp' has been generated.
INFO: [runtcl-4] Executing : report_drc -file top_vga_basys3_drc_opted.rpt -pb top_vga_basys3_drc_opted.pb -rpx top_vga_basys3_drc_opted.rpx
Command: report_drc -file top_vga_basys3_drc_opted.rpt -pb top_vga_basys3_drc_opted.pb -rpx top_vga_basys3_drc_opted.rpx
INFO: [IP_Flow 19-234] Refreshing IP repositories
INFO: [IP_Flow 19-1704] No user IP repositories specified
INFO: [IP_Flow 19-2313] Loaded Vivado IP repository '/home_local/Xilinx/Vivado/2021.2/data/ip'.
INFO: [Timing 38-35] Done setting XDC timing constraints.
INFO: [DRC 23-27] Running DRC with 8 threads
INFO: [Vivado_Tcl 2-168] The results of DRC are in file /home/student/lperczynski/Vivado/RoboZapGame/fpga/build/vga_project.runs/impl_1/top_vga_basys3_drc_opted.rpt.
report_drc completed successfully
Command: place_design
Attempting to get a license for feature 'Implementation' and/or device 'xc7a35t'
INFO: [Common 17-349] Got license for feature 'Implementation' and/or device 'xc7a35t'
INFO: [DRC 23-27] Running DRC with 8 threads
INFO: [Vivado_Tcl 4-198] DRC finished with 0 Errors
INFO: [Vivado_Tcl 4-199] Please refer to the DRC report (report_drc) for more information.
Running DRC as a precondition to command place_design
INFO: [DRC 23-27] Running DRC with 8 threads
INFO: [Vivado_Tcl 4-198] DRC finished with 0 Errors
INFO: [Vivado_Tcl 4-199] Please refer to the DRC report (report_drc) for more information.

Starting Placer Task
INFO: [Place 30-611] Multithreading enabled for place_design using a maximum of 8 CPUs

Phase 1 Placer Initialization

Phase 1.1 Placer Initialization Netlist Sorting
Netlist sorting complete. Time (s): cpu = 00:00:00 ; elapsed = 00:00:00 . Memory (MB): peak = 3283.297 ; gain = 0.000 ; free physical = 1817 ; free virtual = 12804
Phase 1.1 Placer Initialization Netlist Sorting | Checksum: 175105c3d

Time (s): cpu = 00:00:00.01 ; elapsed = 00:00:00.03 . Memory (MB): peak = 3283.297 ; gain = 0.000 ; free physical = 1817 ; free virtual = 12804
Netlist sorting complete. Time (s): cpu = 00:00:00 ; elapsed = 00:00:00 . Memory (MB): peak = 3283.297 ; gain = 0.000 ; free physical = 1817 ; free virtual = 12804

Phase 1.2 IO Placement/ Clock Placement/ Build Placer Device
Phase 1.2 IO Placement/ Clock Placement/ Build Placer Device | Checksum: 1370b1d74

Time (s): cpu = 00:00:00.23 ; elapsed = 00:00:00.16 . Memory (MB): peak = 3283.297 ; gain = 0.000 ; free physical = 1847 ; free virtual = 12834

Phase 1.3 Build Placer Netlist Model
Phase 1.3 Build Placer Netlist Model | Checksum: 1a4711018

Time (s): cpu = 00:00:00.60 ; elapsed = 00:00:00.38 . Memory (MB): peak = 3283.297 ; gain = 0.000 ; free physical = 1857 ; free virtual = 12844

Phase 1.4 Constrain Clocks/Macros
Phase 1.4 Constrain Clocks/Macros | Checksum: 1a4711018

Time (s): cpu = 00:00:00.60 ; elapsed = 00:00:00.39 . Memory (MB): peak = 3283.297 ; gain = 0.000 ; free physical = 1857 ; free virtual = 12844
Phase 1 Placer Initialization | Checksum: 1a4711018

Time (s): cpu = 00:00:00.61 ; elapsed = 00:00:00.40 . Memory (MB): peak = 3283.297 ; gain = 0.000 ; free physical = 1857 ; free virtual = 12844

Phase 2 Global Placement

Phase 2.1 Floorplanning
Phase 2.1 Floorplanning | Checksum: 15980c8d6

Time (s): cpu = 00:00:01 ; elapsed = 00:00:00.50 . Memory (MB): peak = 3283.297 ; gain = 0.000 ; free physical = 1853 ; free virtual = 12841

Phase 2.2 Update Timing before SLR Path Opt
Phase 2.2 Update Timing before SLR Path Opt | Checksum: 15bf72d2a

Time (s): cpu = 00:00:01 ; elapsed = 00:00:00.54 . Memory (MB): peak = 3283.297 ; gain = 0.000 ; free physical = 1852 ; free virtual = 12840

Phase 2.3 Post-Processing in Floorplanning
Phase 2.3 Post-Processing in Floorplanning | Checksum: 15bf72d2a

Time (s): cpu = 00:00:01 ; elapsed = 00:00:00.54 . Memory (MB): peak = 3283.297 ; gain = 0.000 ; free physical = 1853 ; free virtual = 12840

Phase 2.4 Global Placement Core

Phase 2.4.1 Physical Synthesis In Placer
INFO: [Physopt 32-1035] Found 0 LUTNM shape to break, 4 LUT instances to create LUTNM shape
INFO: [Physopt 32-1044] Break lutnm for timing: one critical 0, two critical 0, total 0, new lutff created 0
INFO: [Physopt 32-1138] End 1 Pass. Optimized 2 nets or LUTs. Breaked 0 LUT, combined 2 existing LUTs and moved 0 existing LUT
INFO: [Physopt 32-65] No nets found for high-fanout optimization.
INFO: [Physopt 32-232] Optimized 0 net. Created 0 new instance.
INFO: [Physopt 32-775] End 1 Pass. Optimized 0 net or cell. Created 0 new cell, deleted 0 existing cell and moved 0 existing cell
INFO: [Physopt 32-670] No setup violation found.  DSP Register Optimization was not performed.
INFO: [Physopt 32-670] No setup violation found.  Shift Register to Pipeline Optimization was not performed.
INFO: [Physopt 32-670] No setup violation found.  Shift Register Optimization was not performed.
INFO: [Physopt 32-670] No setup violation found.  BRAM Register Optimization was not performed.
INFO: [Physopt 32-670] No setup violation found.  URAM Register Optimization was not performed.
INFO: [Physopt 32-949] No candidate nets found for dynamic/static region interface net replication
INFO: [Physopt 32-775] End 1 Pass. Optimized 0 net or cell. Created 0 new cell, deleted 0 existing cell and moved 0 existing cell
Netlist sorting complete. Time (s): cpu = 00:00:00 ; elapsed = 00:00:00 . Memory (MB): peak = 3283.297 ; gain = 0.000 ; free physical = 1804 ; free virtual = 12791

Summary of Physical Synthesis Optimizations
============================================


-----------------------------------------------------------------------------------------------------------------------------------------------------------
|  Optimization                                     |  Added Cells  |  Removed Cells  |  Optimized Cells/Nets  |  Dont Touch  |  Iterations  |  Elapsed   |
-----------------------------------------------------------------------------------------------------------------------------------------------------------
|  LUT Combining                                    |            0  |              2  |                     2  |           0  |           1  |  00:00:00  |
|  Retime                                           |            0  |              0  |                     0  |           0  |           1  |  00:00:00  |
|  Very High Fanout                                 |            0  |              0  |                     0  |           0  |           1  |  00:00:00  |
|  DSP Register                                     |            0  |              0  |                     0  |           0  |           0  |  00:00:00  |
|  Shift Register to Pipeline                       |            0  |              0  |                     0  |           0  |           0  |  00:00:00  |
|  Shift Register                                   |            0  |              0  |                     0  |           0  |           0  |  00:00:00  |
|  BRAM Register                                    |            0  |              0  |                     0  |           0  |           0  |  00:00:00  |
|  URAM Register                                    |            0  |              0  |                     0  |           0  |           0  |  00:00:00  |
|  Dynamic/Static Region Interface Net Replication  |            0  |              0  |                     0  |           0  |           1  |  00:00:00  |
|  Total                                            |            0  |              2  |                     2  |           0  |           4  |  00:00:00  |
-----------------------------------------------------------------------------------------------------------------------------------------------------------


Phase 2.4.1 Physical Synthesis In Placer | Checksum: 246190c34

Time (s): cpu = 00:00:09 ; elapsed = 00:00:03 . Memory (MB): peak = 3283.297 ; gain = 0.000 ; free physical = 1801 ; free virtual = 12789
Phase 2.4 Global Placement Core | Checksum: 285243e72

Time (s): cpu = 00:00:12 ; elapsed = 00:00:03 . Memory (MB): peak = 3283.297 ; gain = 0.000 ; free physical = 1788 ; free virtual = 12778
Phase 2 Global Placement | Checksum: 285243e72

Time (s): cpu = 00:00:12 ; elapsed = 00:00:03 . Memory (MB): peak = 3283.297 ; gain = 0.000 ; free physical = 1788 ; free virtual = 12778

Phase 3 Detail Placement

Phase 3.1 Commit Multi Column Macros
Phase 3.1 Commit Multi Column Macros | Checksum: 2090fa4df

Time (s): cpu = 00:00:12 ; elapsed = 00:00:03 . Memory (MB): peak = 3283.297 ; gain = 0.000 ; free physical = 1788 ; free virtual = 12778

Phase 3.2 Commit Most Macros & LUTRAMs
Phase 3.2 Commit Most Macros & LUTRAMs | Checksum: 1ee7a64b9

Time (s): cpu = 00:00:12 ; elapsed = 00:00:03 . Memory (MB): peak = 3283.297 ; gain = 0.000 ; free physical = 1786 ; free virtual = 12776

Phase 3.3 Area Swap Optimization
Phase 3.3 Area Swap Optimization | Checksum: 1d5ab0424

Time (s): cpu = 00:00:13 ; elapsed = 00:00:03 . Memory (MB): peak = 3283.297 ; gain = 0.000 ; free physical = 1785 ; free virtual = 12775

Phase 3.4 Pipeline Register Optimization
Phase 3.4 Pipeline Register Optimization | Checksum: 26c6160c9

Time (s): cpu = 00:00:13 ; elapsed = 00:00:03 . Memory (MB): peak = 3283.297 ; gain = 0.000 ; free physical = 1785 ; free virtual = 12775

Phase 3.5 Small Shape Detail Placement
Phase 3.5 Small Shape Detail Placement | Checksum: 1a78535a4

Time (s): cpu = 00:00:13 ; elapsed = 00:00:04 . Memory (MB): peak = 3283.297 ; gain = 0.000 ; free physical = 2818 ; free virtual = 13808

Phase 3.6 Re-assign LUT pins
Phase 3.6 Re-assign LUT pins | Checksum: 231c7d20c

Time (s): cpu = 00:00:13 ; elapsed = 00:00:04 . Memory (MB): peak = 3283.297 ; gain = 0.000 ; free physical = 2818 ; free virtual = 13808

Phase 3.7 Pipeline Register Optimization
Phase 3.7 Pipeline Register Optimization | Checksum: 18c117671

Time (s): cpu = 00:00:13 ; elapsed = 00:00:04 . Memory (MB): peak = 3283.297 ; gain = 0.000 ; free physical = 2818 ; free virtual = 13808
Phase 3 Detail Placement | Checksum: 18c117671

Time (s): cpu = 00:00:13 ; elapsed = 00:00:04 . Memory (MB): peak = 3283.297 ; gain = 0.000 ; free physical = 2818 ; free virtual = 13808

Phase 4 Post Placement Optimization and Clean-Up

Phase 4.1 Post Commit Optimization
INFO: [Timing 38-35] Done setting XDC timing constraints.

Phase 4.1.1 Post Placement Optimization
Post Placement Optimization Initialization | Checksum: 28436fb20

Phase 4.1.1.1 BUFG Insertion

Starting Physical Synthesis Task

Phase 1 Physical Synthesis Initialization
INFO: [Physopt 32-721] Multithreading enabled for phys_opt_design using a maximum of 8 CPUs
INFO: [Physopt 32-619] Estimated Timing Summary | WNS=1.884 | TNS=0.000 |
Phase 1 Physical Synthesis Initialization | Checksum: 29af2a0f0

Time (s): cpu = 00:00:00.06 ; elapsed = 00:00:00.02 . Memory (MB): peak = 3283.297 ; gain = 0.000 ; free physical = 2817 ; free virtual = 13807
INFO: [Place 46-56] BUFG insertion identified 0 candidate nets. Inserted BUFG: 0, Replicated BUFG Driver: 0, Skipped due to Placement/Routing Conflicts: 0, Skipped due to Timing Degradation: 0, Skipped due to Illegal Netlist: 0.
Ending Physical Synthesis Task | Checksum: 28aacbfbb

Time (s): cpu = 00:00:00.06 ; elapsed = 00:00:00.02 . Memory (MB): peak = 3283.297 ; gain = 0.000 ; free physical = 2817 ; free virtual = 13807
Phase 4.1.1.1 BUFG Insertion | Checksum: 28436fb20

Time (s): cpu = 00:00:13 ; elapsed = 00:00:04 . Memory (MB): peak = 3283.297 ; gain = 0.000 ; free physical = 2817 ; free virtual = 13807

Phase 4.1.1.2 Post Placement Timing Optimization
INFO: [Place 30-746] Post Placement Timing Summary WNS=1.884. For the most accurate timing information please run report_timing.
Phase 4.1.1.2 Post Placement Timing Optimization | Checksum: 262627339

Time (s): cpu = 00:00:13 ; elapsed = 00:00:04 . Memory (MB): peak = 3283.297 ; gain = 0.000 ; free physical = 2815 ; free virtual = 13806

Time (s): cpu = 00:00:13 ; elapsed = 00:00:04 . Memory (MB): peak = 3283.297 ; gain = 0.000 ; free physical = 2815 ; free virtual = 13806
Phase 4.1 Post Commit Optimization | Checksum: 262627339

Time (s): cpu = 00:00:13 ; elapsed = 00:00:04 . Memory (MB): peak = 3283.297 ; gain = 0.000 ; free physical = 2815 ; free virtual = 13805

Phase 4.2 Post Placement Cleanup
Phase 4.2 Post Placement Cleanup | Checksum: 262627339

Time (s): cpu = 00:00:14 ; elapsed = 00:00:04 . Memory (MB): peak = 3283.297 ; gain = 0.000 ; free physical = 2813 ; free virtual = 13803

Phase 4.3 Placer Reporting

Phase 4.3.1 Print Estimated Congestion
INFO: [Place 30-612] Post-Placement Estimated Congestion 
 ____________________________________________________
|           | Global Congestion | Short Congestion  |
| Direction | Region Size       | Region Size       |
|___________|___________________|___________________|
|      North|                1x1|                1x1|
|___________|___________________|___________________|
|      South|                1x1|                1x1|
|___________|___________________|___________________|
|       East|                1x1|                1x1|
|___________|___________________|___________________|
|       West|                1x1|                1x1|
|___________|___________________|___________________|

Phase 4.3.1 Print Estimated Congestion | Checksum: 262627339

Time (s): cpu = 00:00:14 ; elapsed = 00:00:04 . Memory (MB): peak = 3283.297 ; gain = 0.000 ; free physical = 2812 ; free virtual = 13802
Phase 4.3 Placer Reporting | Checksum: 262627339

Time (s): cpu = 00:00:14 ; elapsed = 00:00:04 . Memory (MB): peak = 3283.297 ; gain = 0.000 ; free physical = 2811 ; free virtual = 13801

Phase 4.4 Final Placement Cleanup
Netlist sorting complete. Time (s): cpu = 00:00:00 ; elapsed = 00:00:00 . Memory (MB): peak = 3283.297 ; gain = 0.000 ; free physical = 2807 ; free virtual = 13798

Time (s): cpu = 00:00:14 ; elapsed = 00:00:04 . Memory (MB): peak = 3283.297 ; gain = 0.000 ; free physical = 2802 ; free virtual = 13793
Phase 4 Post Placement Optimization and Clean-Up | Checksum: 19a8066fe

Time (s): cpu = 00:00:14 ; elapsed = 00:00:04 . Memory (MB): peak = 3283.297 ; gain = 0.000 ; free physical = 2808 ; free virtual = 13798
Ending Placer Task | Checksum: d91fc590

Time (s): cpu = 00:00:14 ; elapsed = 00:00:04 . Memory (MB): peak = 3283.297 ; gain = 0.000 ; free physical = 2816 ; free virtual = 13807
INFO: [Common 17-83] Releasing license: Implementation
64 Infos, 0 Warnings, 0 Critical Warnings and 0 Errors encountered.
place_design completed successfully
INFO: [Timing 38-480] Writing timing data to binary archive.
Writing placer database...
Writing XDEF routing.
Writing XDEF routing logical nets.
Writing XDEF routing special nets.
Write XDEF Complete: Time (s): cpu = 00:00:00.26 ; elapsed = 00:00:00.13 . Memory (MB): peak = 3283.297 ; gain = 0.000 ; free physical = 2828 ; free virtual = 13820
INFO: [Common 17-1381] The checkpoint '/home/student/lperczynski/Vivado/RoboZapGame/fpga/build/vga_project.runs/impl_1/top_vga_basys3_placed.dcp' has been generated.
INFO: [runtcl-4] Executing : report_io -file top_vga_basys3_io_placed.rpt
report_io: Time (s): cpu = 00:00:00.06 ; elapsed = 00:00:00.11 . Memory (MB): peak = 3283.297 ; gain = 0.000 ; free physical = 2819 ; free virtual = 13810
INFO: [runtcl-4] Executing : report_utilization -file top_vga_basys3_utilization_placed.rpt -pb top_vga_basys3_utilization_placed.pb
INFO: [runtcl-4] Executing : report_control_sets -verbose -file top_vga_basys3_control_sets_placed.rpt
report_control_sets: Time (s): cpu = 00:00:00.02 ; elapsed = 00:00:00.06 . Memory (MB): peak = 3283.297 ; gain = 0.000 ; free physical = 2827 ; free virtual = 13818
Command: phys_opt_design
Attempting to get a license for feature 'Implementation' and/or device 'xc7a35t'
INFO: [Common 17-349] Got license for feature 'Implementation' and/or device 'xc7a35t'
INFO: [Vivado_Tcl 4-383] Design worst setup slack (WNS) is greater than or equal to 0.000 ns. Skipping all physical synthesis optimizations.
INFO: [Vivado_Tcl 4-232] No setup violation found. The netlist was not modified.
INFO: [Common 17-83] Releasing license: Implementation
73 Infos, 0 Warnings, 0 Critical Warnings and 0 Errors encountered.
phys_opt_design completed successfully
INFO: [Timing 38-480] Writing timing data to binary archive.
Writing placer database...
Writing XDEF routing.
Writing XDEF routing logical nets.
Writing XDEF routing special nets.
Write XDEF Complete: Time (s): cpu = 00:00:00.28 ; elapsed = 00:00:00.27 . Memory (MB): peak = 3283.297 ; gain = 0.000 ; free physical = 2796 ; free virtual = 13788
INFO: [Common 17-1381] The checkpoint '/home/student/lperczynski/Vivado/RoboZapGame/fpga/build/vga_project.runs/impl_1/top_vga_basys3_physopt.dcp' has been generated.
Command: route_design
Attempting to get a license for feature 'Implementation' and/or device 'xc7a35t'
INFO: [Common 17-349] Got license for feature 'Implementation' and/or device 'xc7a35t'
Running DRC as a precondition to command route_design
INFO: [DRC 23-27] Running DRC with 8 threads
INFO: [Vivado_Tcl 4-198] DRC finished with 0 Errors
INFO: [Vivado_Tcl 4-199] Please refer to the DRC report (report_drc) for more information.


Starting Routing Task
INFO: [Route 35-254] Multithreading enabled for route_design using a maximum of 8 CPUs

Phase 1 Build RT Design
Checksum: PlaceDB: d2ef4820 ConstDB: 0 ShapeSum: 6307d70 RouteDB: 0
Post Restoration Checksum: NetGraph: 7911e58e NumContArr: 98114ee5 Constraints: 0 Timing: 0
Phase 1 Build RT Design | Checksum: 111233473

Time (s): cpu = 00:00:14 ; elapsed = 00:00:12 . Memory (MB): peak = 3283.297 ; gain = 0.000 ; free physical = 2682 ; free virtual = 13670

Phase 2 Router Initialization

Phase 2.1 Create Timer
Phase 2.1 Create Timer | Checksum: 111233473

Time (s): cpu = 00:00:14 ; elapsed = 00:00:12 . Memory (MB): peak = 3283.297 ; gain = 0.000 ; free physical = 2683 ; free virtual = 13672

Phase 2.2 Fix Topology Constraints
Phase 2.2 Fix Topology Constraints | Checksum: 111233473

Time (s): cpu = 00:00:14 ; elapsed = 00:00:12 . Memory (MB): peak = 3283.297 ; gain = 0.000 ; free physical = 2650 ; free virtual = 13638

Phase 2.3 Pre Route Cleanup
Phase 2.3 Pre Route Cleanup | Checksum: 111233473

Time (s): cpu = 00:00:14 ; elapsed = 00:00:12 . Memory (MB): peak = 3283.297 ; gain = 0.000 ; free physical = 2650 ; free virtual = 13638
 Number of Nodes with overlaps = 0

Phase 2.4 Update Timing
Phase 2.4 Update Timing | Checksum: 1924ac8f9

Time (s): cpu = 00:00:15 ; elapsed = 00:00:13 . Memory (MB): peak = 3292.832 ; gain = 9.535 ; free physical = 2642 ; free virtual = 13630
INFO: [Route 35-416] Intermediate Timing Summary | WNS=1.966  | TNS=0.000  | WHS=-0.289 | THS=-8.184 |


Router Utilization Summary
  Global Vertical Routing Utilization    = 0.0201706 %
  Global Horizontal Routing Utilization  = 0.0248568 %
  Routable Net Status*
  *Does not include unroutable nets such as driverless and loadless.
  Run report_route_status for detailed report.
  Number of Failed Nets               = 759
    (Failed Nets is the sum of unrouted and partially routed nets)
  Number of Unrouted Nets             = 698
  Number of Partially Routed Nets     = 61
  Number of Node Overlaps             = 206

Phase 2 Router Initialization | Checksum: 16435d157

Time (s): cpu = 00:00:15 ; elapsed = 00:00:13 . Memory (MB): peak = 3293.832 ; gain = 10.535 ; free physical = 2642 ; free virtual = 13630

Phase 3 Initial Routing

Phase 3.1 Global Routing
Phase 3.1 Global Routing | Checksum: 16435d157

Time (s): cpu = 00:00:15 ; elapsed = 00:00:13 . Memory (MB): peak = 3293.832 ; gain = 10.535 ; free physical = 2642 ; free virtual = 13630
Phase 3 Initial Routing | Checksum: 227a869f4

Time (s): cpu = 00:00:15 ; elapsed = 00:00:13 . Memory (MB): peak = 3325.848 ; gain = 42.551 ; free physical = 2643 ; free virtual = 13631

Phase 4 Rip-up And Reroute

Phase 4.1 Global Iteration 0
 Number of Nodes with overlaps = 51
 Number of Nodes with overlaps = 1
 Number of Nodes with overlaps = 0
INFO: [Route 35-416] Intermediate Timing Summary | WNS=1.727  | TNS=0.000  | WHS=N/A    | THS=N/A    |

Phase 4.1 Global Iteration 0 | Checksum: 1ab8a2603

Time (s): cpu = 00:00:16 ; elapsed = 00:00:13 . Memory (MB): peak = 3325.848 ; gain = 42.551 ; free physical = 2642 ; free virtual = 13630
Phase 4 Rip-up And Reroute | Checksum: 1ab8a2603

Time (s): cpu = 00:00:16 ; elapsed = 00:00:13 . Memory (MB): peak = 3325.848 ; gain = 42.551 ; free physical = 2642 ; free virtual = 13630

Phase 5 Delay and Skew Optimization

Phase 5.1 Delay CleanUp

Phase 5.1.1 Update Timing
Phase 5.1.1 Update Timing | Checksum: 18f07f93a

Time (s): cpu = 00:00:16 ; elapsed = 00:00:13 . Memory (MB): peak = 3325.848 ; gain = 42.551 ; free physical = 2641 ; free virtual = 13630
INFO: [Route 35-416] Intermediate Timing Summary | WNS=1.727  | TNS=0.000  | WHS=N/A    | THS=N/A    |

Phase 5.1 Delay CleanUp | Checksum: 18f07f93a

Time (s): cpu = 00:00:16 ; elapsed = 00:00:13 . Memory (MB): peak = 3325.848 ; gain = 42.551 ; free physical = 2641 ; free virtual = 13630

Phase 5.2 Clock Skew Optimization
Phase 5.2 Clock Skew Optimization | Checksum: 18f07f93a

Time (s): cpu = 00:00:16 ; elapsed = 00:00:13 . Memory (MB): peak = 3325.848 ; gain = 42.551 ; free physical = 2641 ; free virtual = 13630
Phase 5 Delay and Skew Optimization | Checksum: 18f07f93a

Time (s): cpu = 00:00:16 ; elapsed = 00:00:13 . Memory (MB): peak = 3325.848 ; gain = 42.551 ; free physical = 2641 ; free virtual = 13630

Phase 6 Post Hold Fix

Phase 6.1 Hold Fix Iter

Phase 6.1.1 Update Timing
Phase 6.1.1 Update Timing | Checksum: 18e8855da

Time (s): cpu = 00:00:16 ; elapsed = 00:00:13 . Memory (MB): peak = 3325.848 ; gain = 42.551 ; free physical = 2641 ; free virtual = 13630
INFO: [Route 35-416] Intermediate Timing Summary | WNS=1.727  | TNS=0.000  | WHS=0.099  | THS=0.000  |

Phase 6.1 Hold Fix Iter | Checksum: 1805d880e

Time (s): cpu = 00:00:16 ; elapsed = 00:00:13 . Memory (MB): peak = 3325.848 ; gain = 42.551 ; free physical = 2641 ; free virtual = 13630
Phase 6 Post Hold Fix | Checksum: 1805d880e

Time (s): cpu = 00:00:16 ; elapsed = 00:00:13 . Memory (MB): peak = 3325.848 ; gain = 42.551 ; free physical = 2641 ; free virtual = 13630

Phase 7 Route finalize

Router Utilization Summary
  Global Vertical Routing Utilization    = 0.206171 %
  Global Horizontal Routing Utilization  = 0.196903 %
  Routable Net Status*
  *Does not include unroutable nets such as driverless and loadless.
  Run report_route_status for detailed report.
  Number of Failed Nets               = 0
    (Failed Nets is the sum of unrouted and partially routed nets)
  Number of Unrouted Nets             = 0
  Number of Partially Routed Nets     = 0
  Number of Node Overlaps             = 0

Phase 7 Route finalize | Checksum: 15c5d172a

Time (s): cpu = 00:00:16 ; elapsed = 00:00:13 . Memory (MB): peak = 3325.848 ; gain = 42.551 ; free physical = 2641 ; free virtual = 13630

Phase 8 Verifying routed nets

 Verification completed successfully
Phase 8 Verifying routed nets | Checksum: 15c5d172a

Time (s): cpu = 00:00:16 ; elapsed = 00:00:13 . Memory (MB): peak = 3327.848 ; gain = 44.551 ; free physical = 2640 ; free virtual = 13628

Phase 9 Depositing Routes
Phase 9 Depositing Routes | Checksum: 1636b76e2

Time (s): cpu = 00:00:16 ; elapsed = 00:00:13 . Memory (MB): peak = 3375.867 ; gain = 92.570 ; free physical = 2641 ; free virtual = 13629

Phase 10 Post Router Timing
INFO: [Route 35-57] Estimated Timing Summary | WNS=1.727  | TNS=0.000  | WHS=0.099  | THS=0.000  |

INFO: [Route 35-327] The final timing numbers are based on the router estimated timing analysis. For a complete and accurate timing signoff, please run report_timing_summary.
Phase 10 Post Router Timing | Checksum: 1636b76e2

Time (s): cpu = 00:00:16 ; elapsed = 00:00:13 . Memory (MB): peak = 3375.867 ; gain = 92.570 ; free physical = 2641 ; free virtual = 13629
INFO: [Route 35-16] Router Completed Successfully

Time (s): cpu = 00:00:16 ; elapsed = 00:00:13 . Memory (MB): peak = 3375.867 ; gain = 92.570 ; free physical = 2674 ; free virtual = 13663

Routing Is Done.
INFO: [Common 17-83] Releasing license: Implementation
88 Infos, 0 Warnings, 0 Critical Warnings and 0 Errors encountered.
route_design completed successfully
route_design: Time (s): cpu = 00:00:18 ; elapsed = 00:00:14 . Memory (MB): peak = 3375.867 ; gain = 92.570 ; free physical = 2675 ; free virtual = 13663
INFO: [Timing 38-480] Writing timing data to binary archive.
Writing placer database...
Writing XDEF routing.
Writing XDEF routing logical nets.
Writing XDEF routing special nets.
Write XDEF Complete: Time (s): cpu = 00:00:00.32 ; elapsed = 00:00:00.27 . Memory (MB): peak = 3375.867 ; gain = 0.000 ; free physical = 2671 ; free virtual = 13661
INFO: [Common 17-1381] The checkpoint '/home/student/lperczynski/Vivado/RoboZapGame/fpga/build/vga_project.runs/impl_1/top_vga_basys3_routed.dcp' has been generated.
INFO: [runtcl-4] Executing : report_drc -file top_vga_basys3_drc_routed.rpt -pb top_vga_basys3_drc_routed.pb -rpx top_vga_basys3_drc_routed.rpx
Command: report_drc -file top_vga_basys3_drc_routed.rpt -pb top_vga_basys3_drc_routed.pb -rpx top_vga_basys3_drc_routed.rpx
INFO: [IP_Flow 19-1839] IP Catalog is up to date.
INFO: [DRC 23-27] Running DRC with 8 threads
INFO: [Vivado_Tcl 2-168] The results of DRC are in file /home/student/lperczynski/Vivado/RoboZapGame/fpga/build/vga_project.runs/impl_1/top_vga_basys3_drc_routed.rpt.
report_drc completed successfully
INFO: [runtcl-4] Executing : report_methodology -file top_vga_basys3_methodology_drc_routed.rpt -pb top_vga_basys3_methodology_drc_routed.pb -rpx top_vga_basys3_methodology_drc_routed.rpx
Command: report_methodology -file top_vga_basys3_methodology_drc_routed.rpt -pb top_vga_basys3_methodology_drc_routed.pb -rpx top_vga_basys3_methodology_drc_routed.rpx
INFO: [Timing 38-35] Done setting XDC timing constraints.
INFO: [DRC 23-133] Running Methodology with 8 threads
INFO: [Vivado_Tcl 2-1520] The results of Report Methodology are in file /home/student/lperczynski/Vivado/RoboZapGame/fpga/build/vga_project.runs/impl_1/top_vga_basys3_methodology_drc_routed.rpt.
report_methodology completed successfully
INFO: [runtcl-4] Executing : report_power -file top_vga_basys3_power_routed.rpt -pb top_vga_basys3_power_summary_routed.pb -rpx top_vga_basys3_power_routed.rpx
Command: report_power -file top_vga_basys3_power_routed.rpt -pb top_vga_basys3_power_summary_routed.pb -rpx top_vga_basys3_power_routed.rpx
INFO: [Timing 38-35] Done setting XDC timing constraints.
Running Vector-less Activity Propagation...

Finished Running Vector-less Activity Propagation
100 Infos, 0 Warnings, 0 Critical Warnings and 0 Errors encountered.
report_power completed successfully
INFO: [runtcl-4] Executing : report_route_status -file top_vga_basys3_route_status.rpt -pb top_vga_basys3_route_status.pb
INFO: [runtcl-4] Executing : report_timing_summary -max_paths 10 -report_unconstrained -file top_vga_basys3_timing_summary_routed.rpt -pb top_vga_basys3_timing_summary_routed.pb -rpx top_vga_basys3_timing_summary_routed.rpx -warn_on_violation 
INFO: [Timing 38-91] UpdateTimingParams: Speed grade: -1, Delay Type: min_max.
INFO: [Timing 38-191] Multithreading enabled for timing update using a maximum of 8 CPUs
INFO: [runtcl-4] Executing : report_incremental_reuse -file top_vga_basys3_incremental_reuse_routed.rpt
INFO: [Vivado_Tcl 4-1062] Incremental flow is disabled. No incremental reuse Info to report.
INFO: [runtcl-4] Executing : report_clock_utilization -file top_vga_basys3_clock_utilization_routed.rpt
INFO: [runtcl-4] Executing : report_bus_skew -warn_on_violation -file top_vga_basys3_bus_skew_routed.rpt -pb top_vga_basys3_bus_skew_routed.pb -rpx top_vga_basys3_bus_skew_routed.rpx
INFO: [Timing 38-91] UpdateTimingParams: Speed grade: -1, Delay Type: min_max.
INFO: [Timing 38-191] Multithreading enabled for timing update using a maximum of 8 CPUs
Command: write_bitstream -force top_vga_basys3.bit
Attempting to get a license for feature 'Implementation' and/or device 'xc7a35t'
INFO: [Common 17-349] Got license for feature 'Implementation' and/or device 'xc7a35t'
Running DRC as a precondition to command write_bitstream
INFO: [IP_Flow 19-1839] IP Catalog is up to date.
INFO: [DRC 23-27] Running DRC with 8 threads
WARNING: [DRC PDRC-153] Gated clock check: Net u_top_logic/u_game_state/E[0] is a gated clock net sourced by a combinational pin u_top_logic/u_game_state/rgb_nxt_reg[9]_i_2/O, cell u_top_logic/u_game_state/rgb_nxt_reg[9]_i_2. This is not good design practice and will likely impact performance. For SLICE registers, for example, use the CE pin to control the loading of data.
WARNING: [DRC PDRC-153] Gated clock check: Net u_top_logic/u_game_state/E[1] is a gated clock net sourced by a combinational pin u_top_logic/u_game_state/rgb_nxt_reg[11]_i_2/O, cell u_top_logic/u_game_state/rgb_nxt_reg[11]_i_2. This is not good design practice and will likely impact performance. For SLICE registers, for example, use the CE pin to control the loading of data.
WARNING: [DRC PDRC-153] Gated clock check: Net u_top_logic/u_game_state/FSM_sequential_state_next_reg[2]_i_2_n_0 is a gated clock net sourced by a combinational pin u_top_logic/u_game_state/FSM_sequential_state_next_reg[2]_i_2/O, cell u_top_logic/u_game_state/FSM_sequential_state_next_reg[2]_i_2. This is not good design practice and will likely impact performance. For SLICE registers, for example, use the CE pin to control the loading of data.
WARNING: [DRC PDRC-153] Gated clock check: Net u_top_logic/u_game_state/current_player_next__0 is a gated clock net sourced by a combinational pin u_top_logic/u_game_state/current_player_next_reg_i_2/O, cell u_top_logic/u_game_state/current_player_next_reg_i_2. This is not good design practice and will likely impact performance. For SLICE registers, for example, use the CE pin to control the loading of data.
WARNING: [DRC PDRC-153] Gated clock check: Net u_top_logic/u_game_state/player0_health_reg[1]_i_2_n_0 is a gated clock net sourced by a combinational pin u_top_logic/u_game_state/player0_health_reg[1]_i_2/O, cell u_top_logic/u_game_state/player0_health_reg[1]_i_2. This is not good design practice and will likely impact performance. For SLICE registers, for example, use the CE pin to control the loading of data.
WARNING: [DRC PDRC-153] Gated clock check: Net u_top_logic/u_game_state/player1_health_reg[1]_i_2_n_0 is a gated clock net sourced by a combinational pin u_top_logic/u_game_state/player1_health_reg[1]_i_2/O, cell u_top_logic/u_game_state/player1_health_reg[1]_i_2. This is not good design practice and will likely impact performance. For SLICE registers, for example, use the CE pin to control the loading of data.
WARNING: [DRC PDRC-153] Gated clock check: Net u_top_logic/u_game_state/tablecode_next__0 is a gated clock net sourced by a combinational pin u_top_logic/u_game_state/tablecode_next_reg[2]_i_2/O, cell u_top_logic/u_game_state/tablecode_next_reg[2]_i_2. This is not good design practice and will likely impact performance. For SLICE registers, for example, use the CE pin to control the loading of data.
WARNING: [DRC PDRC-153] Gated clock check: Net u_top_logic/u_game_state/tableselected is a gated clock net sourced by a combinational pin u_top_logic/u_game_state/tableselected_reg[2]_i_2/O, cell u_top_logic/u_game_state/tableselected_reg[2]_i_2. This is not good design practice and will likely impact performance. For SLICE registers, for example, use the CE pin to control the loading of data.
WARNING: [DRC PDRC-153] Gated clock check: Net u_top_logic/u_game_state/turn__0 is a gated clock net sourced by a combinational pin u_top_logic/u_game_state/turn_reg[2]_i_2/O, cell u_top_logic/u_game_state/turn_reg[2]_i_2. This is not good design practice and will likely impact performance. For SLICE registers, for example, use the CE pin to control the loading of data.
WARNING: [DRC PDRC-153] Gated clock check: Net u_top_logic/u_game_state/uart_state_next_reg[6]_i_2_n_0 is a gated clock net sourced by a combinational pin u_top_logic/u_game_state/uart_state_next_reg[6]_i_2/O, cell u_top_logic/u_game_state/uart_state_next_reg[6]_i_2. This is not good design practice and will likely impact performance. For SLICE registers, for example, use the CE pin to control the loading of data.
WARNING: [DRC PDRC-153] Gated clock check: Net u_top_logic/u_game_state/uart_state_next_reg[7]_i_2_n_0 is a gated clock net sourced by a combinational pin u_top_logic/u_game_state/uart_state_next_reg[7]_i_2/O, cell u_top_logic/u_game_state/uart_state_next_reg[7]_i_2. This is not good design practice and will likely impact performance. For SLICE registers, for example, use the CE pin to control the loading of data.
WARNING: [DRC PDRC-153] Gated clock check: Net u_top_logic/u_lever_select/lever_lethality is a gated clock net sourced by a combinational pin u_top_logic/u_lever_select/target_reg_i_2/O, cell u_top_logic/u_lever_select/target_reg_i_2. This is not good design practice and will likely impact performance. For SLICE registers, for example, use the CE pin to control the loading of data.
WARNING: [DRC PDRC-153] Gated clock check: Net u_top_logic/u_lever_select/position_reg[2]_i_2_n_0 is a gated clock net sourced by a combinational pin u_top_logic/u_lever_select/position_reg[2]_i_2/O, cell u_top_logic/u_lever_select/position_reg[2]_i_2. This is not good design practice and will likely impact performance. For SLICE registers, for example, use the CE pin to control the loading of data.
WARNING: [DRC PDRC-153] Gated clock check: Net u_top_logic/u_lever_select/state_next__0 is a gated clock net sourced by a combinational pin u_top_logic/u_lever_select/FSM_sequential_state_next_reg[2]_i_2__0/O, cell u_top_logic/u_lever_select/FSM_sequential_state_next_reg[2]_i_2__0. This is not good design practice and will likely impact performance. For SLICE registers, for example, use the CE pin to control the loading of data.
WARNING: [DRC PDRC-153] Gated clock check: Net u_top_logic/u_lever_select/turn_done_flag_reg_i_2_n_0 is a gated clock net sourced by a combinational pin u_top_logic/u_lever_select/turn_done_flag_reg_i_2/O, cell u_top_logic/u_lever_select/turn_done_flag_reg_i_2. This is not good design practice and will likely impact performance. For SLICE registers, for example, use the CE pin to control the loading of data.
WARNING: [DRC PDRC-153] Gated clock check: Net u_top_uart/u_uart_rx/b_reg_reg[4]_0[0] is a gated clock net sourced by a combinational pin u_top_uart/u_uart_rx/lever_used_out_reg[0]_i_1/O, cell u_top_uart/u_uart_rx/lever_used_out_reg[0]_i_1. This is not good design practice and will likely impact performance. For SLICE registers, for example, use the CE pin to control the loading of data.
WARNING: [DRC PDRC-153] Gated clock check: Net u_top_uart/u_uart_rx/b_reg_reg[4]_0[1] is a gated clock net sourced by a combinational pin u_top_uart/u_uart_rx/lever_used_out_reg[1]_i_1/O, cell u_top_uart/u_uart_rx/lever_used_out_reg[1]_i_1. This is not good design practice and will likely impact performance. For SLICE registers, for example, use the CE pin to control the loading of data.
WARNING: [DRC PDRC-153] Gated clock check: Net u_top_uart/u_uart_rx/b_reg_reg[4]_0[2] is a gated clock net sourced by a combinational pin u_top_uart/u_uart_rx/lever_used_out_reg[2]_i_1/O, cell u_top_uart/u_uart_rx/lever_used_out_reg[2]_i_1. This is not good design practice and will likely impact performance. For SLICE registers, for example, use the CE pin to control the loading of data.
WARNING: [DRC PDRC-153] Gated clock check: Net u_top_uart/u_uart_rx/b_reg_reg[4]_0[3] is a gated clock net sourced by a combinational pin u_top_uart/u_uart_rx/lever_used_out_reg[3]_i_1/O, cell u_top_uart/u_uart_rx/lever_used_out_reg[3]_i_1. This is not good design practice and will likely impact performance. For SLICE registers, for example, use the CE pin to control the loading of data.
WARNING: [DRC PDRC-153] Gated clock check: Net u_top_uart/u_uart_rx/b_reg_reg[4]_0[4] is a gated clock net sourced by a combinational pin u_top_uart/u_uart_rx/lever_used_out_reg[4]_i_1/O, cell u_top_uart/u_uart_rx/lever_used_out_reg[4]_i_1. This is not good design practice and will likely impact performance. For SLICE registers, for example, use the CE pin to control the loading of data.
WARNING: [DRC PDRC-153] Gated clock check: Net u_top_uart/u_uart_rx/b_reg_reg[4]_0[5] is a gated clock net sourced by a combinational pin u_top_uart/u_uart_rx/lever_used_out_reg[5]_i_1/O, cell u_top_uart/u_uart_rx/lever_used_out_reg[5]_i_1. This is not good design practice and will likely impact performance. For SLICE registers, for example, use the CE pin to control the loading of data.
WARNING: [DRC PDRC-153] Gated clock check: Net u_top_uart/u_uart_rx/b_reg_reg[4]_0[6] is a gated clock net sourced by a combinational pin u_top_uart/u_uart_rx/lever_used_out_reg[6]_i_1/O, cell u_top_uart/u_uart_rx/lever_used_out_reg[6]_i_1. This is not good design practice and will likely impact performance. For SLICE registers, for example, use the CE pin to control the loading of data.
WARNING: [DRC PDRC-153] Gated clock check: Net u_top_uart/u_uart_rx/b_reg_reg[4]_0[7] is a gated clock net sourced by a combinational pin u_top_uart/u_uart_rx/lever_used_out_reg[7]_i_2/O, cell u_top_uart/u_uart_rx/lever_used_out_reg[7]_i_2. This is not good design practice and will likely impact performance. For SLICE registers, for example, use the CE pin to control the loading of data.
INFO: [Vivado 12-3199] DRC finished with 0 Errors, 23 Warnings
INFO: [Vivado 12-3200] Please refer to the DRC report (report_drc) for more information.
INFO: [Designutils 20-2272] Running write_bitstream with 8 threads.
Loading data files...
Loading site data...
Loading route data...
Processing options...
Creating bitmap...
Creating bitstream...
Writing bitstream ./top_vga_basys3.bit...
INFO: [Vivado 12-1842] Bitgen Completed Successfully.
INFO: [Project 1-1876] WebTalk data collection is mandatory when using a ULT device. To see the specific WebTalk data collected for your design, open the usage_statistics_webtalk.html or usage_statistics_webtalk.xml file in the implementation directory.
INFO: [Common 17-83] Releasing license: Implementation
12 Infos, 23 Warnings, 0 Critical Warnings and 0 Errors encountered.
write_bitstream completed successfully
write_bitstream: Time (s): cpu = 00:00:08 ; elapsed = 00:00:17 . Memory (MB): peak = 3642.809 ; gain = 231.309 ; free physical = 2617 ; free virtual = 13616
INFO: [Common 17-206] Exiting Vivado at Sat Aug 24 13:52:37 2024...
[Sat Aug 24 13:52:37 2024] impl_1 finished
wait_on_runs: Time (s): cpu = 00:01:16 ; elapsed = 00:01:12 . Memory (MB): peak = 2716.812 ; gain = 0.000 ; free physical = 4111 ; free virtual = 15111
# exit
INFO: [Common 17-206] Exiting Vivado at Sat Aug 24 13:52:37 2024...
